###############################################################################
#
# IAR C/C++ Compiler V7.21.1.1000/W32 for MSP430          10/Apr/2022  18:37:48
# Copyright 1996-2021 IAR Systems AB.
# PC-locked license - IAR Embedded Workbench for MSP430, 8K KickStart Edition 7.21
#
#    __rt_version  =  3
#    __double_size =  32
#    __reg_r4      =  free
#    __reg_r5      =  free
#    __pic         =  no
#    __core        =  430X
#    __data_model  =  small
#    __code_model  =  large
#    Source file   =  C:\Users\saad\Documents\ece-306\Project 10\iot.c
#    Command line  =  
#        -f C:\Users\saad\AppData\Local\Temp\EWCBDF.tmp
#        ("C:\Users\saad\Documents\ece-306\Project 10\iot.c" -lC
#        "C:\Users\saad\Documents\ece-306\Project 10\Debug\List" -o
#        "C:\Users\saad\Documents\ece-306\Project 10\Debug\Obj" --debug
#        -D__MSP430FR2355__ -e --double=32 --dlib_config "C:\Program Files\IAR
#        Systems\Embedded Workbench 8.5\430\lib\dlib\dl430xlsfn.h" -I ./
#        --core=430X --data_model=small -Ohz --multiplier=32
#        --hw_workaround=CPU40 --code_model=large)
#    Locale        =  English_USA.1252
#    List file     =  
#        C:\Users\saad\Documents\ece-306\Project 10\Debug\List\iot.lst
#    Object file   =  
#        C:\Users\saad\Documents\ece-306\Project 10\Debug\Obj\iot.r43
#
###############################################################################

C:\Users\saad\Documents\ece-306\Project 10\iot.c
      1          #include "iot.h"
      2          #include <string.h>
      3          #include "msp430.h"

   \                                 In  segment DATA16_AN, at 0x51a
   \   union <unnamed> _A_UCA0IE_L
   \                     _A_UCA0IE_L:
   \   000000                DS8 2
      4          #include "utils.h"
      5          //#include <string.h>
      6          #include "utils.h"
      7          #include "serial.h"
      8          #include "ports.h"
      9          #include "sm.h"
     10          //#include <stdlib.h>
     11          

   \                                 In  segment DATA16_I, align 1, align-sorted
   \   000000                REQUIRE ?cstart_init_copy
     12          char iot_setup_state = BOOT_UP;
   \                     iot_setup_state:
   \   000000                DS8 1
   \   000001                REQUIRE `?<Initializer for iot_setup_state>`
     13          extern volatile char USB0_Char_Tx[];
     14          extern unsigned volatile int pb0_buffered;
     15          extern volatile char USB0_Char_Rx_Process[];
     16          extern volatile char receievedFromPC;

   \                                 In  segment DATA16_Z, align 1, align-sorted
   \   000000                REQUIRE ?cstart_init_zero
     17          char SSID[SSID_LEN + 1];
   \                     SSID:
   \   000000                DS8 11

   \                                 In  segment DATA16_Z, align 1, align-sorted
   \   000000                REQUIRE ?cstart_init_zero
     18          char IP[IP_LEN + 1];
   \                     IP:
   \   000000                DS8 14
     19          extern volatile unsigned char display_changed;
     20          extern char display_line[4][11];

   \                                 In  segment DATA16_Z, align 1, align-sorted
   \   000000                REQUIRE ?cstart_init_zero
     21          char dotFound;
   \                     dotFound:
   \   000000                DS8 1

   \                                 In  segment DATA16_Z, align 2, align-sorted
   \   000000                REQUIRE ?cstart_init_zero
     22          int midIndex;
   \                     midIndex:
   \   000000                DS8 2

   \                                 In  segment DATA16_Z, align 2, align-sorted
   \   000000                REQUIRE ?cstart_init_zero
     23          command CommandBuffer[COMMAND_BUFFER_LEN];
   \                     CommandBuffer:
   \   000000                DS8 20

   \                                 In  segment DATA16_Z, align 1, align-sorted
   \   000000                REQUIRE ?cstart_init_zero
     24          char cb_index;
   \                     cb_index:
   \   000000                DS8 1
     25          
     26          extern volatile unsigned int cycle_count;
     27          extern volatile unsigned int stopwatch_milliseconds;
     28          extern volatile unsigned int stopwatch_seconds;
     29          
     30          extern volatile char state;
     31          extern volatile int stateCounter;
     32          extern volatile char nextState;
     33          
     34          extern int polarityRight, polarityLeft;
     35          extern unsigned int driveTime;
     36          

   \                                 In  segment DATA16_Z, align 2, align-sorted
   \   000000                REQUIRE ?cstart_init_zero
     37          command emptyCommand = {0, 0};
   \                     emptyCommand:
   \   000000                DS8 4
     38          
     39          

   \                                 In  segment CODE, align 2
     40          int Init_IOT(void) {
   \                     Init_IOT:
     41              switch(iot_setup_state) {
   \   000000   5E42....     MOV.B   &iot_setup_state, R14
   \   000004   7E804200     SUB.B   #0x42, R14
   \   000008   1524         JEQ     ??Init_IOT_5
   \   00000A   7E800700     SUB.B   #0x7, R14
   \   00000E   4324         JEQ     ??Init_IOT_6
   \   000010   6E82         SUB.B   #0x4, R14
   \   000012   1424         JEQ     ??Init_IOT_7
   \   000014   5E83         SUB.B   #0x1, R14
   \   000016   3424         JEQ     ??Init_IOT_8
   \   000018   7E800500     SUB.B   #0x5, R14
   \   00001C   2224         JEQ     ??Init_IOT_9
   \   00001E   7E801600     SUB.B   #0x16, R14
   \   000022   3E24         JEQ     ??Init_IOT_10
   \   000024   6E82         SUB.B   #0x4, R14
   \   000026   1124         JEQ     ??Init_IOT_11
   \   000028   5E83         SUB.B   #0x1, R14
   \   00002A   2F24         JEQ     ??Init_IOT_12
   \   00002C   7E800500     SUB.B   #0x5, R14
   \   000030   1D24         JEQ     ??Init_IOT_13
   \   000032   3C3C         JMP     ??Init_IOT_3
     42                  case (BOOT_UP):
     43                      waitForReady();
   \                     ??Init_IOT_5:
   \   000034   ........     CALLA   #waitForReady
     44                      break;
     45          
     46                  case CIPMUX_Tx:
     47                      SendIOTCommand(ALLOW_MULTIPLE_CONNECTIONS, CIPMUX_Rx);
     48                      break;
     49          
     50                  case CIPMUX_Rx:
     51                      if(UCA0IE & UCTXIE) break; // wait for the Tx to completely transmit
     52          
     53                      if(pb0_buffered) { // wait for pb to finish buffering
     54                          iot_setup_state = CIPSERVER_Tx;
     55                          clearProcessBuff_0();
     56                      }
     57          
     58                      break;
     59          
     60                  case CIPSERVER_Tx:
     61                      SendIOTCommand(START_SERVER, CIPSERVER_Rx);
     62                      break;
     63          
     64                  case CIPSERVER_Rx:
     65                      if(UCA0IE & UCTXIE) break;
     66          
     67                      if(pb0_buffered) {
     68                          iot_setup_state = GET_SSID_Tx;
     69                          clearProcessBuff_0();
     70                      }
     71          
     72                      break;
     73          
     74                  case GET_SSID_Tx:
     75                      SendIOTCommand(SSID_COMMAND, GET_SSID_Rx);
     76                      break;
     77          
     78                  case GET_SSID_Rx:
     79                      if(UCA0IE & UCTXIE) break;
     80          
     81                      getSSID();
     82          
     83                      break;
     84          
     85                  case GET_IP_Tx:
     86                      SendIOTCommand(IP_COMMAND, GET_IP_Rx);
     87                      break;
     88          
     89                  case GET_IP_Rx:
     90                      if(UCA0IE & UCTXIE) break;
     91          
     92                      getIP();
     93          
     94                      break;
     95          
     96                  default:
     97                      return 1;
     98                      break;
     99              }
    100          
    101              return 0;
   \                     ??Init_IOT_0:
   \   000038   0C43         MOV.W   #0x0, R12
   \   00003A   1001         RETA
   \                     ??Init_IOT_7:
   \   00003C   7D406D00     MOV.B   #0x6d, R13
   \   000040   3C40....     MOV.W   #`?<Constant "AT+CIPMUX=1\\r\\n">`, R12
   \                     ??Init_IOT_2:
   \   000044   ........     CALLA   #SendIOTCommand
   \   000048   F73F         JMP     ??Init_IOT_0
   \                     ??Init_IOT_11:
   \   00004A   A2B31A05     BIT.W   #0x2, &0x51a
   \   00004E   F423         JNE     ??Init_IOT_0
   \   000050   8293....     CMP.W   #0x0, &pb0_buffered
   \   000054   F127         JEQ     ??Init_IOT_0
   \   000056   F2405300.... MOV.B   #0x53, &iot_setup_state
   \                     ??Init_IOT_4:
   \   00005C   ........     CALLA   #clearProcessBuff_0
   \   000060   EB3F         JMP     ??Init_IOT_0
   \                     ??Init_IOT_9:
   \   000062   7D407300     MOV.B   #0x73, R13
   \   000066   3C40....     MOV.W   #`?<Constant "AT+CIPSERVER=1,4764\\r\\n">`, R12
   \   00006A   EC3F         JMP     ??Init_IOT_2
   \                     ??Init_IOT_13:
   \   00006C   A2B31A05     BIT.W   #0x2, &0x51a
   \   000070   E323         JNE     ??Init_IOT_0
   \   000072   8293....     CMP.W   #0x0, &pb0_buffered
   \   000076   E027         JEQ     ??Init_IOT_0
   \   000078   F2404E00.... MOV.B   #0x4e, &iot_setup_state
   \   00007E   EE3F         JMP     ??Init_IOT_4
   \                     ??Init_IOT_8:
   \   000080   7D406E00     MOV.B   #0x6e, R13
   \   000084   3C40....     MOV.W   #`?<Constant "AT+CWJAP?\\r\\n">`, R12
   \   000088   DD3F         JMP     ??Init_IOT_2
   \                     ??Init_IOT_12:
   \   00008A   A2B31A05     BIT.W   #0x2, &0x51a
   \   00008E   D423         JNE     ??Init_IOT_0
   \   000090   ........     CALLA   #getSSID
   \   000094   D13F         JMP     ??Init_IOT_0
   \                     ??Init_IOT_6:
   \   000096   7D406900     MOV.B   #0x69, R13
   \   00009A   3C40....     MOV.W   #`?<Constant "AT+CIFSR\\r\\n">`, R12
   \   00009E   D23F         JMP     ??Init_IOT_2
   \                     ??Init_IOT_10:
   \   0000A0   A2B31A05     BIT.W   #0x2, &0x51a
   \   0000A4   C923         JNE     ??Init_IOT_0
   \   0000A6   ........     CALLA   #getIP
   \   0000AA   C63F         JMP     ??Init_IOT_0
   \                     ??Init_IOT_3:
   \   0000AC   1C43         MOV.W   #0x1, R12
   \   0000AE   1001         RETA
   \   0000B0                REQUIRE _A_UCA0IE_L
    102          }
    103          
    104          

   \                                 In  segment CODE, align 2
    105          void waitForReady(void) {
   \                     waitForReady:
    106              if(pb0_buffered) {
   \   000000   8293....     CMP.W   #0x0, &pb0_buffered
   \   000004   0D24         JEQ     ??waitForReady_0
    107                  if(strcmp((char*)USB0_Char_Rx_Process, BOOT_RESPONSE) == 0) iot_setup_state = CIPMUX_Tx;
   \   000006   3D40....     MOV.W   #`?<Constant "WIFI GOT IP\\r\\n">`, R13
   \   00000A   3C40....     MOV.W   #USB0_Char_Rx_Process, R12
   \   00000E   ........     CALLA   #strcmp
   \   000012   0C93         CMP.W   #0x0, R12
   \   000014   0320         JNE     ??waitForReady_1
   \   000016   F2404D00.... MOV.B   #0x4d, &iot_setup_state
    108          
    109                  clearProcessBuff_0();
   \                     ??waitForReady_1:
   \   00001C   ........     CALLA   #clearProcessBuff_0
    110              }
    111          }
   \                     ??waitForReady_0:
   \   000020   1001         RETA
    112          

   \                                 In  segment CODE, align 2
    113          void SendIOTCommand(char* command, char nextState) {
   \                     SendIOTCommand:
   \   000000   0A12         PUSH.W  R10
   \   000002   4A4D         MOV.B   R13, R10
    114              strcpy((char*)USB0_Char_Tx, command);
   \   000004   0D4C         MOV.W   R12, R13
   \   000006   3C40....     MOV.W   #USB0_Char_Tx, R12
   \   00000A   ........     CALLA   #strcpy
    115              USCI_A0_transmit();
   \   00000E   ........     CALLA   #USCI_A0_transmit
    116              iot_setup_state = nextState;
   \   000012   C24A....     MOV.B   R10, &iot_setup_state
    117          }
   \   000016   3A41         POP.W   R10
   \   000018   1001         RETA
    118          

   \                                 In  segment CODE, align 2
    119          void getSSID(void) {
   \                     getSSID:
    120              if(pb0_buffered) {
   \   000000   8293....     CMP.W   #0x0, &pb0_buffered
   \   000004   2624         JEQ     ??getSSID_2
    121                  if(subStringPos((char*)USB0_Char_Rx_Process, SSID_RESPONSE)) {
   \   000006   3D40....     MOV.W   #`?<Constant "+CWJAP:">`, R13
   \   00000A   ........     CALLA   #?Subroutine1
   \                     ??CrossCallReturnLabel_1:
   \   00000E   0C93         CMP.W   #0x0, R12
   \   000010   1A24         JEQ     ??getSSID_3
    122                      int i;
    123          
    124                      for(i = 0; i <= SSID_LEN && USB0_Char_Rx_Process[i + SSID_RESPONSE_LEN + 1] != '\"'; ++i) SSID[i] = USB0_Char_Rx_Process[i + SSID_RESPONSE_LEN + 1];
   \   000012   0F43         MOV.W   #0x0, R15
   \                     ??getSSID_0:
   \   000014   FF902200.... CMP.B   #0x22, LWRD(USB0_Char_Rx_Process + 8)(R15)
   \   00001A   0724         JEQ     ??getSSID_4
   \   00001C   DF4F........ MOV.B   LWRD(USB0_Char_Rx_Process + 8)(R15), SSID(R15)
   \   000022   1F53         ADD.W   #0x1, R15
   \   000024   3F900B00     CMP.W   #0xb, R15
   \   000028   F53B         JL      ??getSSID_0
    125          
    126                      SSID[i + SSID_RESPONSE_LEN + 2] = 0; // set the end of the SSID to null
   \                     ??getSSID_4:
   \   00002A   CF43....     MOV.B   #0x0, SSID + 9(R15)
    127                      SSID[SSID_LEN] = 0; //  set end of the array to null
   \   00002E   C243....     MOV.B   #0x0, &SSID + 10
    128                      centerStringToDisplay(0, SSID);
   \   000032   3D40....     MOV.W   #SSID, R13
   \   000036   0C43         MOV.W   #0x0, R12
   \   000038   ........     CALLA   #centerStringToDisplay
    129                      display_changed = 1;
   \   00003C   D243....     MOV.B   #0x1, &display_changed
    130                      iot_setup_state = GET_IP_Tx;
   \   000040   7E404900     MOV.B   #0x49, R14
   \   000044   023C         JMP     ??getSSID_1
    131                  } else iot_setup_state = GET_SSID_Tx;
   \                     ??getSSID_3:
   \   000046   7E404E00     MOV.B   #0x4e, R14
   \                     ??getSSID_1:
   \   00004A   C24E....     MOV.B   R14, &iot_setup_state
    132          
    133                  clearProcessBuff_0();
   \   00004E   ........     CALLA   #clearProcessBuff_0
    134              }
    135          }
   \                     ??getSSID_2:
   \   000052   1001         RETA

   \                                 In  segment CODE, align 2
   \                     ?Subroutine1:
   \   000000   3C40....     MOV.W   #USB0_Char_Rx_Process, R12
   \   000004   ........     BRA     #subStringPos
    136          

   \                                 In  segment CODE, align 2
    137          void getIP(void) {
   \                     getIP:
    138              if(pb0_buffered) {
   \   000000   8293....     CMP.W   #0x0, &pb0_buffered
   \   000004   4924         JEQ     ??getIP_2
    139                  if(subStringPos((char*)USB0_Char_Rx_Process, IP_RESPONSE)) {
   \   000006   3D40....     MOV.W   #`?<Constant "+CIFSR:STAIP,">`, R13
   \   00000A   ........     CALLA   #?Subroutine1
   \                     ??CrossCallReturnLabel_2:
   \   00000E   0C93         CMP.W   #0x0, R12
   \   000010   3D24         JEQ     ??getIP_3
    140                      int i;
    141          
    142                      for(i = 0; i <= IP_LEN && USB0_Char_Rx_Process[i + IP_RESPONSE_LEN + 1] != '"'; ++i) {
   \   000012   0F43         MOV.W   #0x0, R15
   \   000014   5D42....     MOV.B   &dotFound, R13
   \   000018   1C42....     MOV.W   &midIndex, R12
   \                     ??getIP_0:
   \   00001C   FF902200.... CMP.B   #0x22, LWRD(USB0_Char_Rx_Process + 14)(R15)
   \   000022   1024         JEQ     ??getIP_4
    143                          IP[i] = USB0_Char_Rx_Process[i + IP_RESPONSE_LEN + 1];
   \   000024   DF4F........ MOV.B   LWRD(USB0_Char_Rx_Process + 14)(R15), IP(R15)
    144          
    145                          if(USB0_Char_Rx_Process[i + IP_RESPONSE_LEN + 1] == '.') {
   \   00002A   FF902E00.... CMP.B   #0x2e, LWRD(USB0_Char_Rx_Process + 14)(R15)
   \   000030   0520         JNE     ??getIP_5
    146                              if(dotFound++ == 1) midIndex = i;
   \   000032   4E4D         MOV.B   R13, R14
   \   000034   5D53         ADD.B   #0x1, R13
   \   000036   5E93         CMP.B   #0x1, R14
   \   000038   0120         JNE     ??getIP_5
   \   00003A   0C4F         MOV.W   R15, R12
    147                          }
    148                      }
   \                     ??getIP_5:
   \   00003C   1F53         ADD.W   #0x1, R15
   \   00003E   3F900E00     CMP.W   #0xe, R15
   \   000042   EC3B         JL      ??getIP_0
   \                     ??getIP_4:
   \   000044   824C....     MOV.W   R12, &midIndex
   \   000048   C24D....     MOV.B   R13, &dotFound
    149          
    150                      IP[i + IP_RESPONSE_LEN + 2] = 0;
   \   00004C   CF43....     MOV.B   #0x0, LWRD(IP + 15)(R15)
    151                      IP[IP_LEN] = 0;
   \   000050   C243....     MOV.B   #0x0, &IP + 13
    152                      IP[midIndex] = 0;
   \   000054   1F42....     MOV.W   &midIndex, R15
   \   000058   CF43....     MOV.B   #0x0, IP(R15)
    153                      strcpy(display_line[1], "IP ADDRESS");
   \   00005C   3D40....     MOV.W   #`?<Constant "IP ADDRESS">`, R13
   \   000060   3C40....     MOV.W   #display_line + 11, R12
   \   000064   ........     CALLA   #strcpy
    154                      centerStringToDisplay(2, IP);
   \   000068   3D40....     MOV.W   #IP, R13
   \   00006C   2C43         MOV.W   #0x2, R12
   \   00006E   ........     CALLA   #centerStringToDisplay
    155                      centerStringToDisplay(3, IP + midIndex + 1);
   \   000072   3D40....     MOV.W   #IP + 1, R13
   \   000076   1D52....     ADD.W   &midIndex, R13
   \   00007A   3C400300     MOV.W   #0x3, R12
   \   00007E   ........     CALLA   #centerStringToDisplay
    156                      display_changed = 1;
   \   000082   D243....     MOV.B   #0x1, &display_changed
    157                      iot_setup_state = IOT_SETUP_FINISHED;
   \   000086   7E404600     MOV.B   #0x46, R14
   \   00008A   023C         JMP     ??getIP_1
    158                  } else iot_setup_state = GET_IP_Tx;
   \                     ??getIP_3:
   \   00008C   7E404900     MOV.B   #0x49, R14
   \                     ??getIP_1:
   \   000090   C24E....     MOV.B   R14, &iot_setup_state
    159          
    160                  clearProcessBuff_0();
   \   000094   ........     CALLA   #clearProcessBuff_0
    161              }
    162          }
   \                     ??getIP_2:
   \   000098   1001         RETA
    163          
    164          

   \                                 In  segment CODE, align 2
    165          void IOTBufferCommands(void) {
   \                     IOTBufferCommands:
   \   000000   3B15         PUSHM.W #0x4, R11
   \   000002   B1000400     SUBA    #0x4, SP
    166              if(pb0_buffered) {
   \   000006   8293....     CMP.W   #0x0, &pb0_buffered
   \   00000A   3124         JEQ     ??IOTBufferCommands_3
    167                  char * pos = subStringPos((char*)USB0_Char_Rx_Process, CARET_SECURITY_CODE);
   \   00000C   3D40....     MOV.W   #`?<Constant "^9A73">`, R13
   \   000010   ........     CALLA   #?Subroutine1
   \                     ??CrossCallReturnLabel_0:
   \   000014   0A4C         MOV.W   R12, R10
   \   000016   173C         JMP     ??IOTBufferCommands_2
    168          
    169                  while(pos) {
    170                      pos += CARET_SECURITY_CODE_LEN; // now should be on where the command actually is
    171                      char comm = *pos;
    172                      pos++;
    173                      char * end_caret = charInString(pos, '^');
    174                      char * end_null = charInString(pos, 0);
    175                      char * end = end_caret ? end_caret : end_null;
   \                     ??IOTBufferCommands_0:
   \   000018   0B4C         MOV.W   R12, R11
    176                      int time = stoi(pos,end-pos);
   \                     ??IOTBufferCommands_1:
   \   00001A   0B8A         SUB.W   R10, R11
   \   00001C   0D4B         MOV.W   R11, R13
   \   00001E   0C4A         MOV.W   R10, R12
   \   000020   ........     CALLA   #stoi
    177                      command c = {
    178                          .comm = comm,
    179                          .duration = time
    180                      };
   \   000024   C1480000     MOV.B   R8, 0(SP)
   \   000028   814C0200     MOV.W   R12, 0x2(SP)
    181                      pushCB(c);
   \   00002C   0C12         PUSH.W  R12
   \   00002E   11120400     PUSH.W  0x4(SP)
   \   000032   ........     CALLA   #pushCB
    182                      pos = subStringPos(pos, CARET_SECURITY_CODE);
   \   000036   3D40....     MOV.W   #`?<Constant "^9A73">`, R13
   \   00003A   0C4A         MOV.W   R10, R12
   \   00003C   ........     CALLA   #subStringPos
   \   000040   0A4C         MOV.W   R12, R10
   \   000042   A1000400     ADDA    #0x4, SP
   \                     ??IOTBufferCommands_2:
   \   000046   0A93         CMP.W   #0x0, R10
   \   000048   1024         JEQ     ??IOTBufferCommands_4
   \   00004A   3A500500     ADD.W   #0x5, R10
   \   00004E   784A         MOV.B   @R10+, R8
   \   000050   7D405E00     MOV.B   #0x5e, R13
   \   000054   0C4A         MOV.W   R10, R12
   \   000056   ........     CALLA   #charInString
   \   00005A   0B4C         MOV.W   R12, R11
   \   00005C   4D43         MOV.B   #0x0, R13
   \   00005E   0C4A         MOV.W   R10, R12
   \   000060   ........     CALLA   #charInString
   \   000064   0B93         CMP.W   #0x0, R11
   \   000066   D827         JEQ     ??IOTBufferCommands_0
   \   000068   D83F         JMP     ??IOTBufferCommands_1
    183                  }
    184          
    185                  clearProcessBuff_0();
   \                     ??IOTBufferCommands_4:
   \   00006A   ........     CALLA   #clearProcessBuff_0
    186              }
    187          
    188          }
   \                     ??IOTBufferCommands_3:
   \   00006E   A1000400     ADDA    #0x4, SP
   \   000072   3817         POPM.W  #0x4, R11
   \   000074   1001         RETA
    189          

   \                                 In  segment CODE, align 2, keep-with-next
    190          command popCB(void) {
   \                     popCB:
   \   000000   B1000400     SUBA    #0x4, SP
    191              command ret = CommandBuffer[0];
   \   000004   9142....0000 MOV.W   &CommandBuffer, 0(SP)
   \   00000A   9142....0200 MOV.W   &CommandBuffer + 2, 0x2(SP)
    192          
    193              for(int i = 0; i < COMMAND_BUFFER_LEN - 1; ++i) CommandBuffer[i] = CommandBuffer[i + 1];
   \   000010   0F43         MOV.W   #0x0, R15
   \                     ??popCB_0:
   \   000012   0E4F         MOV.W   R15, R14
   \   000014   5E06         RLAM.W  #0x2, R14
   \   000016   9E4E........ MOV.W   CommandBuffer + 4(R14), CommandBuffer(R14)
   \   00001C   9E4E........ MOV.W   CommandBuffer + 6(R14), CommandBuffer + 2(R14)
   \   000022   1F53         ADD.W   #0x1, R15
   \   000024   2F92         CMP.W   #0x4, R15
   \   000026   F53B         JL      ??popCB_0
    194          
    195              CommandBuffer[COMMAND_BUFFER_LEN - 1] = emptyCommand;
   \   000028   9242........ MOV.W   &emptyCommand, &CommandBuffer + 16
   \   00002E   9242........ MOV.W   &emptyCommand + 2, &CommandBuffer + 18
   \   000034   AC410000     MOV.W   @SP, 0(R12)
   \   000038   9C4102000200 MOV.W   0x2(SP), 0x2(R12)
   \   00003E                REQUIRE ?Subroutine0
   \   00003E                // Fall through to label ?Subroutine0
    196              return ret;
    197          }

   \                                 In  segment CODE, align 2, keep-with-next
   \                     ?Subroutine0:
   \   000000   A1000400     ADDA    #0x4, SP
   \   000004   1001         RETA

   \                                 In  segment CODE, align 2
    198          void pushCB(command c) {
   \                     pushCB:
    199              int i;
    200          
    201              for(i = 0; i < COMMAND_BUFFER_LEN; ++i)
   \   000000   0F43         MOV.W   #0x0, R15
    202                  if(CommandBuffer[i].comm == 0 && CommandBuffer[i].duration == 0) break;
   \                     ??pushCB_0:
   \   000002   0E4F         MOV.W   R15, R14
   \   000004   5E06         RLAM.W  #0x2, R14
   \   000006   CE93....     CMP.B   #0x0, CommandBuffer(R14)
   \   00000A   0320         JNE     ??pushCB_3
   \   00000C   8E93....     CMP.W   #0x0, CommandBuffer + 2(R14)
   \   000010   0424         JEQ     ??pushCB_4
   \                     ??pushCB_3:
   \   000012   1F53         ADD.W   #0x1, R15
   \   000014   3F900500     CMP.W   #0x5, R15
   \   000018   F43B         JL      ??pushCB_0
    203          
    204              if(i == COMMAND_BUFFER_LEN) {
   \                     ??pushCB_4:
   \   00001A   3F900500     CMP.W   #0x5, R15
   \   00001E   0724         JEQ     ??pushCB_2
    205                  return;
    206              }
    207          
    208              CommandBuffer[i] = c;
   \   000020   5F06         RLAM.W  #0x2, R15
   \   000022   9F410400.... MOV.W   0x4(SP), CommandBuffer(R15)
   \   000028   9F410600.... MOV.W   0x6(SP), CommandBuffer + 2(R15)
    209          }
   \                     ??pushCB_2:
   \   00002E   1001         RETA
    210          

   \                                 In  segment CODE, align 2
    211          void ProcessCommands(void) {
   \                     ProcessCommands:
   \   000000   B1000400     SUBA    #0x4, SP
    212              if(state == START && (CommandBuffer[0].comm != 0 || CommandBuffer[0].duration != 0)) {
   \   000004   F2905300.... CMP.B   #0x53, &state
   \   00000A   4A20         JNE     ??ProcessCommands_4
   \   00000C   C293....     CMP.B   #0x0, &CommandBuffer
   \   000010   0320         JNE     ??ProcessCommands_7
   \   000012   8293....     CMP.W   #0x0, &CommandBuffer + 2
   \   000016   4424         JEQ     ??ProcessCommands_4
    213                  command c = popCB();
   \                     ??ProcessCommands_7:
   \   000018   0C41         MOV.W   SP, R12
   \   00001A   ........     CALLA   #popCB
    214                  stopwatch_seconds = 0;
   \   00001E   8243....     MOV.W   #0x0, &stopwatch_seconds
    215                  cycle_count = 0;
   \   000022   8243....     MOV.W   #0x0, &cycle_count
    216                  state = DRIVE;
   \   000026   F2404400.... MOV.B   #0x44, &state
    217                  //display_line[1][2] = c.comm;
    218                  //HEXtoBCD(c.duration, 1, 4);
    219                  driveTime = (int)(c.duration * (c.comm == RIGHT_COMMAND || c.comm == LEFT_COMMAND ? TURN_CONSTANT : 1));
   \   00002C   6C41         MOV.B   @SP, R12
   \   00002E   7C905200     CMP.B   #0x52, R12
   \   000032   0524         JEQ     ??ProcessCommands_3
   \   000034   7C904C00     CMP.B   #0x4c, R12
   \   000038   0224         JEQ     ??ProcessCommands_3
   \   00003A   1F43         MOV.W   #0x1, R15
   \   00003C   013C         JMP     ??ProcessCommands_1
   \                     ??ProcessCommands_3:
   \   00003E   2F42         MOV.W   #0x4, R15
   \                     ??ProcessCommands_1:
   \   000040   0212         PUSH.W  SR
   \   000042   32C2         DINT
   \   000044   0343         NOP
   \   000046   92410400.... MOV.W   0x4(SP), &__iar_HWMUL          // MPY
   \   00004C   824F....     MOV.W   R15, &__iar_HWMUL + 8          // OP2
   \   000050   9242........ MOV.W   &__iar_HWMUL + 10, &driveTime  // RESLO
   \   000056   0343         NOP
   \   000058   3241         POP.W   SR
    220          
    221                  switch(c.comm) {
   \   00005A   6E41         MOV.B   @SP, R14
   \   00005C   7E804200     SUB.B   #0x42, R14
   \   000060   0F24         JEQ     ??ProcessCommands_8
   \   000062   6E82         SUB.B   #0x4, R14
   \   000064   0A24         JEQ     ??ProcessCommands_9
   \   000066   7E800600     SUB.B   #0x6, R14
   \   00006A   1224         JEQ     ??ProcessCommands_10
   \   00006C   7E800300     SUB.B   #0x3, R14
   \   000070   1424         JEQ     ??ProcessCommands_11
   \   000072   7E800300     SUB.B   #0x3, R14
   \   000076   0724         JEQ     ??ProcessCommands_12
   \   000078   133C         JMP     ??ProcessCommands_4
    222                      case (FORWARD_COMMAND):
    223                          polarityRight = 1;
   \                     ??ProcessCommands_9:
   \   00007A   9243....     MOV.W   #0x1, &polarityRight
    224                          polarityLeft = 1;
   \   00007E   0A3C         JMP     ??ProcessCommands_5
    225                          break;
    226          
    227                      case (REVERSE_COMMAND):
    228                          polarityRight = -1;
   \                     ??ProcessCommands_8:
   \   000080   B243....     MOV.W   #0xffff, &polarityRight
    229                          polarityLeft = -1;
   \   000084   023C         JMP     ??ProcessCommands_6
    230                          break;
    231          
    232                      case (RIGHT_COMMAND):
    233                          polarityRight = 1;
   \                     ??ProcessCommands_12:
   \   000086   9243....     MOV.W   #0x1, &polarityRight
    234                          polarityLeft = -1;
   \                     ??ProcessCommands_6:
   \   00008A   B243....     MOV.W   #0xffff, &polarityLeft
    235                          break;
   \   00008E   083C         JMP     ??ProcessCommands_4
    236          
    237                      case (LEFT_COMMAND):
    238                          polarityRight = -1;
   \                     ??ProcessCommands_10:
   \   000090   B243....     MOV.W   #0xffff, &polarityRight
    239                          polarityLeft = 1;
   \                     ??ProcessCommands_5:
   \   000094   9243....     MOV.W   #0x1, &polarityLeft
    240                          break;
   \   000098   033C         JMP     ??ProcessCommands_4
    241          
    242                      case (LINEFOLLOW_COMMAND):
    243                          state = STRAIGHT;
   \                     ??ProcessCommands_11:
   \   00009A   F2407300.... MOV.B   #0x73, &state
    244                          break;
    245                  }
    246              }
    247          }
   \                     ??ProcessCommands_4:
   \   0000A0   ....         JMP     ?Subroutine0
   \   0000A2   0343         NOP

   \                                 In  segment DATA16_ID, align 1, align-sorted
   \                     `?<Initializer for iot_setup_state>`:
   \   000000   42           DC8 66

   \                                 In  segment DATA16_C, align 1, align-sorted
   \                     `?<Constant "AT+CIPMUX=1\\r\\n">`:
   \   000000   41542B434950 DC8 "AT+CIPMUX=1\015\012"
   \            4D55583D310D
   \            0A00        

   \                                 In  segment DATA16_C, align 1, align-sorted
   \                     `?<Constant "AT+CIPSERVER=1,4764\\r\\n">`:
   \   000000   41542B434950 DC8 "AT+CIPSERVER=1,4764\015\012"
   \            534552564552
   \            3D312C343736
   \            340D0A00    

   \                                 In  segment DATA16_C, align 1, align-sorted
   \                     `?<Constant "AT+CWJAP?\\r\\n">`:
   \   000000   41542B43574A DC8 "AT+CWJAP?\015\012"
   \            41503F0D0A00

   \                                 In  segment DATA16_C, align 1, align-sorted
   \                     `?<Constant "AT+CIFSR\\r\\n">`:
   \   000000   41542B434946 DC8 "AT+CIFSR\015\012"
   \            53520D0A00  

   \                                 In  segment DATA16_C, align 1, align-sorted
   \                     `?<Constant "WIFI GOT IP\\r\\n">`:
   \   000000   574946492047 DC8 "WIFI GOT IP\015\012"
   \            4F542049500D
   \            0A00        

   \                                 In  segment DATA16_C, align 1, align-sorted
   \                     `?<Constant "+CWJAP:">`:
   \   000000   2B43574A4150 DC8 "+CWJAP:"
   \            3A00        

   \                                 In  segment DATA16_C, align 1, align-sorted
   \                     `?<Constant "+CIFSR:STAIP,">`:
   \   000000   2B4349465352 DC8 "+CIFSR:STAIP,"
   \            3A5354414950
   \            2C00        

   \                                 In  segment DATA16_C, align 1, align-sorted
   \                     `?<Constant "IP ADDRESS">`:
   \   000000   495020414444 DC8 "IP ADDRESS"
   \            5245535300  

   \                                 In  segment DATA16_C, align 1, align-sorted
   \                     `?<Constant "^9A73">`:
   \   000000   5E3941373300 DC8 "^9A73"

   Maximum stack usage in bytes:

   CSTACK Function
   ------ --------
     20   IOTBufferCommands
       16   -> charInString
       16   -> clearProcessBuff_0
       20   -> pushCB
       16   -> stoi
       16   -> subStringPos
       20   -> subStringPos
      4   Init_IOT
        4   -> SendIOTCommand
        4   -> clearProcessBuff_0
        4   -> getIP
        4   -> getSSID
        4   -> waitForReady
     10   ProcessCommands
        8   -> popCB
      6   SendIOTCommand
        6   -> USCI_A0_transmit
        6   -> strcpy
      4   getIP
        4   -> centerStringToDisplay
        4   -> clearProcessBuff_0
        4   -> strcpy
        4   -> subStringPos
      4   getSSID
        4   -> centerStringToDisplay
        4   -> clearProcessBuff_0
        4   -> subStringPos
      8   popCB
      4   pushCB
      4   waitForReady
        4   -> clearProcessBuff_0
        4   -> strcmp


   Segment part sizes:

   Bytes  Function/Label
   -----  --------------
      14  ?<Constant "+CIFSR:STAIP,">
       8  ?<Constant "+CWJAP:">
      11  ?<Constant "AT+CIFSR\r\n">
      14  ?<Constant "AT+CIPMUX=1\r\n">
      22  ?<Constant "AT+CIPSERVER=1,4764\r\n">
      12  ?<Constant "AT+CWJAP?\r\n">
      11  ?<Constant "IP ADDRESS">
      14  ?<Constant "WIFI GOT IP\r\n">
       6  ?<Constant "^9A73">
       1  ?<Initializer for iot_setup_state>
       6  ?Subroutine0
       8  ?Subroutine1
      20  CommandBuffer
     118  IOTBufferCommands
      14  IP
     176  Init_IOT
     164  ProcessCommands
      11  SSID
      26  SendIOTCommand
       2  _A_UCA0IE_L
       1  cb_index
       1  dotFound
       4  emptyCommand
     154  getIP
      84  getSSID
       1  iot_setup_state
       2  midIndex
      62  popCB
      48  pushCB
      34  waitForReady

 
 880 bytes in segment CODE
   2 bytes in segment DATA16_AN
 112 bytes in segment DATA16_C
   1 byte  in segment DATA16_I
   1 byte  in segment DATA16_ID
  53 bytes in segment DATA16_Z
 
 880 bytes of CODE  memory
 113 bytes of CONST memory
  54 bytes of DATA  memory (+ 2 bytes shared)

Errors: none
Warnings: none
