Warning[w6]: Type conflict for external/entry "HEXtoBCD", in module detectors against external/entry in module utils; prototyped function vs K&R function
  /* In module detectors: */
  /* K&R Function, args 0, attr 0 */
  int (__cc_version2 HEXtoBCD)();
  /* In module utils: */
  /* Function, args 3, attr 0 */
  void (__cc_version2 HEXtoBCD)(int,
                                int,
                                int);
################################################################################
#                                                                              #
#      IAR Universal Linker V6.6.2.104                                         #
#                                                                              #
#           Link time     =  19/Apr/2022  19:33:00                             #
#           Target CPU    =  MSP430                                            #
#           List file     =  "C:\Users\saad\Documents\anotherone\Project 10\De #
#                            bug\List\Project 10 simple.map"                   #
#           Output file 1 =  "C:\Users\saad\Documents\anotherone\Project 10\De #
#                            bug\Exe\Project 10 simple.d43"                    #
#                            Format: ubrof10                                   #
#                            UBROF version 10.0.6                              #
#                            Using library modules for C-SPY (-rt)             #
#           Command line  =  -f C:\Users\saad\AppData\Local\Temp\EW7F87.tmp    #
#                            ("C:\Users\saad\Documents\anotherone\Project 10\D #
#                            ebug\Obj\adc.r43"                                 #
#                            "C:\Users\saad\Documents\anotherone\Project 10\De #
#                            bug\Obj\clocks.r43"                               #
#                            "C:\Users\saad\Documents\anotherone\Project 10\De #
#                            bug\Obj\detectors.r43"                            #
#                            "C:\Users\saad\Documents\anotherone\Project 10\De #
#                            bug\Obj\init.r43"                                 #
#                            "C:\Users\saad\Documents\anotherone\Project 10\De #
#                            bug\Obj\iot.r43"                                  #
#                            "C:\Users\saad\Documents\anotherone\Project 10\Co #
#                            mpiled\LCD.r43"                                   #
#                            "C:\Users\saad\Documents\anotherone\Project 10\De #
#                            bug\Obj\led.r43"                                  #
#                            "C:\Users\saad\Documents\anotherone\Project 10\De #
#                            bug\Obj\main.r43"                                 #
#                            "C:\Users\saad\Documents\anotherone\Project 10\De #
#                            bug\Obj\menu.r43"                                 #
#                            "C:\Users\saad\Documents\anotherone\Project 10\De #
#                            bug\Obj\pid.r43"                                  #
#                            "C:\Users\saad\Documents\anotherone\Project 10\De #
#                            bug\Obj\ports.r43"                                #
#                            "C:\Users\saad\Documents\anotherone\Project 10\De #
#                            bug\Obj\serial.r43"                               #
#                            "C:\Users\saad\Documents\anotherone\Project 10\De #
#                            bug\Obj\sm.r43"                                   #
#                            "C:\Users\saad\Documents\anotherone\Project 10\De #
#                            bug\Obj\switches.r43"                             #
#                            "C:\Users\saad\Documents\anotherone\Project 10\De #
#                            bug\Obj\system.r43"                               #
#                            "C:\Users\saad\Documents\anotherone\Project 10\De #
#                            bug\Obj\timers.r43"                               #
#                            "C:\Users\saad\Documents\anotherone\Project 10\De #
#                            bug\Obj\utils.r43"                                #
#                            "C:\Users\saad\Documents\anotherone\Project 10\De #
#                            bug\Obj\wheels.r43"                               #
#                            -o                                                #
#                            "C:\Users\saad\Documents\anotherone\Project 10\De #
#                            bug\Exe\Project 10 simple.d43"                    #
#                            -l                                                #
#                            "C:\Users\saad\Documents\anotherone\Project 10\De #
#                            bug\List\Project 10 simple.map"                   #
#                            -xesni                                            #
#                            "-IC:\Program Files\IAR Systems\Embedded Workbenc #
#                            h 8.5\430\LIB\\"                                  #
#                            -f                                                #
#                            "C:\Program Files\IAR Systems\Embedded Workbench  #
#                            8.5\430\config\linker\lnk430fr2355.xcl"           #
#                            (-cmsp430 -QCODE_I=CODE_ID -QTLS16_I=TLS16_ID     #
#                            -D__iar_HWMUL=4C0 -Z(CONST)INFO=1800-19FF         #
#                            -Z(DATA)TINYRAM=0006-001F                         #
#                            -Z(DATA)DATA16_I,DATA16_Z,DATA16_N,TLS16_I=2000-2 #
#                            FFF                                               #
#                            -Z(DATA)CODE_I                                    #
#                            -Z(DATA)DATA20_I,DATA20_Z,DATA20_N                #
#                            -Z(DATA)CSTACK+_STACK_SIZE#                       #
#                            -Z(CONST)FRWP_B1,DATA16_P,DATA20_P=8000-FF7F      #
#                            -Z(DATA)DATA16_HEAP+_DATA16_HEAP_SIZE,DATA20_HEAP #
#                            +_DATA20_HEAP_SIZE,FRWP_B2                        #
#                            -Z(CONST)DATA16_C,DATA16_ID,TLS16_ID,DIFUNCT,CHEC #
#                            KSUM=8000-FF7F                                    #
#                            -Z(CONST)DATA20_C,DATA20_ID                       #
#                            -Z(CODE)CSTART,ISR_CODE,CODE_ID=8000-FF7F         #
#                            -P(CODE)CODE,CODE16=8000-FF7F                     #
#                            -Z(CONST)BSLCONFIGURATIONSIGNATURE=FF88-FF89      #
#                            -Z(CONST)BSLCONFIGURATION=FF8A-FF8B               #
#                            -Z(CONST)BSLI2CADDRESS=FFA0-FFA1                  #
#                            -Z(CONST)JTAGSIGNATURE=FF80-FF83                  #
#                            -Z(CONST)BSLSIGNATURE=FF84-FF87                   #
#                            -Z(CODE)INTVEC=FFA2-FFFF                          #
#                            -Z(CODE)RESET=FFFE-FFFF) -f                       #
#                            "C:\Program Files\IAR Systems\Embedded Workbench  #
#                            8.5\430\config\linker\multiplier32.xcl"           #
#                            (-e?Mul8Hw=?Mul8 -e?Mul16Hw=?Mul16                #
#                            -e?Mul16to32uHw=?Mul16to32u                       #
#                            -e?Mul16to32sHw=?Mul16to32s -e?Mul32Hw32=?Mul32   #
#                            -e?Mul64Hw32=_Mul64i                              #
#                            -e?Mul32u32uto64iHw32=_Mul32u32uto64i             #
#                            -e?Mul32fHw32=_Mul32f                             #
#                            -e_Mul64fHw32Ptr=_Mul64fPtr) -D_STACK_SIZE=A0     #
#                            -rt                                               #
#                            "C:\Program Files\IAR Systems\Embedded Workbench  #
#                            8.5\430\lib\dlib\dl430xlsfn.r43"                  #
#                            -e_PrintfLarge=_Printf -e_ScanfLarge=_Scanf       #
#                            -D_DATA16_HEAP_SIZE=A0 -s __program_start         #
#                            -D_DATA20_HEAP_SIZE=50)                           #
#                                                                              #
#                           Copyright (C) 1987-2019 IAR Systems AB.            #
################################################################################





                ****************************************
                *                                      *
                *           CROSS REFERENCE            *
                *                                      *
                ****************************************

       Program entry at :           823E  Relocatable, from module : ?cstart




                ****************************************
                *                                      *
                *            RUNTIME MODEL             *
                *                                      *
                ****************************************

  __Heap_Handler             = Basic
  __SystemLibrary            = DLib
  __code_model               = large
  __core                     = 430X
  __data_model               = small
  __dlib_file_descriptor     = 0
  __dlib_full_locale_support = 0
  __double_size              = 32
  __pic                      = no
  __reg_r4                   = free
  __reg_r5                   = free
  __rt_version               = 3

                ****************************************
                *                                      *
                *    AUTOMATIC SYMBOL REDIRECTIONS     *
                *                                      *
                ****************************************

                  There are no automatic symbol redirections.

                ****************************************
                *                                      *
                *              ENTRY LIST              *
                *                                      *
                ****************************************

Module  Entry                              Address
------  -----                              -------
?FILLER_BYTES
?ABS_ENTRY_MOD
        _DATA20_HEAP_SIZE                   0050
        _DATA16_HEAP_SIZE                   00A0
        _STACK_SIZE                         00A0
        __iar_HWMUL                         04C0
adc ( C:\Users\saad\Documents\anotherone\Project 10\Debug\Obj\adc.r43 )
        _A_ADCCTL0_L                        0700
        _A_ADCCTL1_L                        0702
        _A_ADCCTL2_L                        0704
        _A_ADCMCTL0_L                       070A
        _A_ADCMEM0_L                        0712
        _A_ADCIE_L                          071A
        _A_ADCIV_L                          071E
        _A_PMMCTL0_L                        0120
        _A_PMMCTL2_L                        0124
        _A_SAC3OA_L                         0CB0
        _A_SAC3PGA_L                        0CB2
        _A_SAC3DAC_L                        0CB4
        _A_SAC3DAT_L                        0CB6
        ADC_Channel                         20E0
        ADC_Left_Detect                     20E2
        ADC_Right_Detect                    20E4
        ADC_Thumb                           20E6
        ADC_Vbat                            NOT NEEDED
        ADC_Vdac                            NOT NEEDED
        ADC_V3v3                            NOT NEEDED
        DAC_data                            20E8
        adcUpdated                          20EA
        Init_ADC                            9302
        Init_REF                            9CE0
        Init_DAC                            96E4
        ADC_ISR                             8266
        ADC_ISR::??INTVEC 58                FFDC
        ?setjmp_save_r4                     NOT NEEDED
        ?setjmp_save_r5                     NOT NEEDED
        ADCCTL0                             0700
        ADCCTL0_H                           0701
        ADCCTL0_L                           0700
        ADCCTL1                             0702
        ADCCTL1_H                           0703
        ADCCTL1_L                           0702
        ADCCTL2                             0704
        ADCCTL2_H                           0705
        ADCCTL2_L                           0704
        ADCMCTL0                            070A
        ADCMCTL0_H                          070B
        ADCMCTL0_L                          070A
        ADCMEM0                             0712
        ADCMEM0_H                           0713
        ADCMEM0_L                           0712
        ADCIE                               071A
        ADCIE_H                             071B
        ADCIE_L                             071A
        ADCIV                               071E
        ADCIV_H                             071F
        ADCIV_L                             071E
        PMMCTL0                             0120
        PMMCTL0_H                           0121
        PMMCTL0_L                           0120
        PMMCTL2                             0124
        PMMCTL2_H                           0125
        PMMCTL2_L                           0124
        SAC3OA                              0CB0
        SAC3OA_H                            0CB1
        SAC3OA_L                            0CB0
        SAC3PGA                             0CB2
        SAC3PGA_H                           0CB3
        SAC3PGA_L                           0CB2
        SAC3DAC                             0CB4
        SAC3DAC_H                           0CB5
        SAC3DAC_L                           0CB4
        SAC3DAT                             0CB6
        SAC3DAT_H                           0CB7
        SAC3DAT_L                           0CB6
clocks ( C:\Users\saad\Documents\anotherone\Project 10\Debug\Obj\clocks.r43 )
        _A_CSCTL0_L                         0180
        _A_CSCTL1_L                         0182
        _A_CSCTL2_L                         0184
        _A_CSCTL3_L                         0186
        _A_CSCTL4_L                         0188
        _A_CSCTL5_L                         018A
        _A_CSCTL7_L                         018E
        _A_PM5CTL0_L                        0130
        _A_SFRIFG1_L                        0102
        _A_WDTCTL_L                         01CC
        Init_Clocks                         93D8
        Software_Trim                       8D30
        ?setjmp_save_r4                     NOT NEEDED
        ?setjmp_save_r5                     NOT NEEDED
        CSCTL0                              0180
        CSCTL0_H                            0181
        CSCTL0_L                            0180
        CSCTL1                              0182
        CSCTL1_H                            0183
        CSCTL1_L                            0182
        CSCTL2                              0184
        CSCTL2_H                            0185
        CSCTL2_L                            0184
        CSCTL3                              0186
        CSCTL3_H                            0187
        CSCTL3_L                            0186
        CSCTL4                              0188
        CSCTL4_H                            0189
        CSCTL4_L                            0188
        CSCTL5                              018A
        CSCTL5_H                            018B
        CSCTL5_L                            018A
        CSCTL7                              018E
        CSCTL7_H                            018F
        CSCTL7_L                            018E
        PM5CTL0                             0130
        PM5CTL0_H                           0131
        PM5CTL0_L                           0130
        SFRIFG1                             0102
        SFRIFG1_H                           0103
        SFRIFG1_L                           0102
        WDTCTL                              01CC
        WDTCTL_H                            01CD
        WDTCTL_L                            01CC
detectors ( C:\Users\saad\Documents\anotherone\Project 10\Debug\Obj\detectors.r43 )
        movingDirection                     NOT NEEDED
        rightVals                           NOT NEEDED
        lastLeft                            NOT NEEDED
        lastRight                           NOT NEEDED
        leftVals                            NOT NEEDED
        LBDetect                            20EC
        LWDetect                            20EE
        RBDetect                            20F0
        RWDetect                            20F2
        l_LessBlack                         NOT NEEDED
        l_LessGray                          NOT NEEDED
        l_LessWhite                         20F4
        r_LessBlack                         NOT NEEDED
        r_LessGray                          NOT NEEDED
        r_LessWhite                         20F6
        l_GreaterBlack                      NOT NEEDED
        l_GreaterGray                       NOT NEEDED
        l_GreaterWhite                      20F8
        r_GreaterBlack                      NOT NEEDED
        r_GreaterGray                       NOT NEEDED
        r_GreaterWhite                      20FA
        lessWhiteOr                         20FC
        lessWhiteAnd                        20FE
        greaterWhiteOr                      2100
        greaterWhiteAnd                     2102
        lessGrayOr                          NOT NEEDED
        lessGrayAnd                         NOT NEEDED
        greaterGrayOr                       NOT NEEDED
        greaterGrayAnd                      NOT NEEDED
        lessBlackOr                         NOT NEEDED
        lessBlackAnd                        NOT NEEDED
        greaterBlackOr                      NOT NEEDED
        greaterBlackAnd                     NOT NEEDED
        updateDetectors                     94FE
        calibrate                           8F08
        ?setjmp_save_r4                     NOT NEEDED
        ?setjmp_save_r5                     NOT NEEDED
init ( C:\Users\saad\Documents\anotherone\Project 10\Debug\Obj\init.r43 )
        _A_PAOUT_L                          0202
        _A_PCOUT_L                          0242
        Init_LEDs                           NOT NEEDED
        Init_Conditions                     969A
        ?setjmp_save_r4                     NOT NEEDED
        ?setjmp_save_r5                     NOT NEEDED
        PAOUT                               0202
        PAOUT_H                             0203
        PAOUT_L                             0202
        PCOUT                               0242
        PCOUT_H                             0243
        PCOUT_L                             0242
iot ( C:\Users\saad\Documents\anotherone\Project 10\Debug\Obj\iot.r43 )
        _A_UCA0IE_L                         051A
        iot_setup_state                     20DC
        SSID                                21A8
        IP                                  21B3
        dotFound                            21C1
        midIndex                            2104
        CommandBuffer                       2106
        cb_index                            NOT NEEDED
        commandsReceieved                   21C2
        emptyCommand                        211A
        currCommand                         211E
        Init_IOT                            8B12
        waitForReady                        9BB0
        SendIOTCommand                      9CAC
        getSSID                             9772
        getIP                               936E
        displayNetworkInfo                  9CFA
        displayIP                           9C34
        IOTBufferCommands                   8F9C
        popCB                               882A
        ProcessCommands                     886E
        pushCB                              99D6
        ?setjmp_save_r4                     NOT NEEDED
        ?setjmp_save_r5                     NOT NEEDED
        UCA0IE                              051A
        UCA0IE_H                            051B
        UCA0IE_L                            051A
        ?Subroutine1                        9E9E
        ?Subroutine0                        8868
        ?Subroutine3                        9DCA
        ?Subroutine2                        9D3C
LCD ( C:\Users\saad\Documents\anotherone\Project 10\Compiled\LCD.r43 )
        _A_PAOUT_L                          NOT NEEDED
        _A_PBOUT_L                          0222
        _A_TB0CCTL2_L                       0386
        _A_TB0CCR2_L                        0396
        _A_UCB1CTLW0_L                      05C0
        _A_UCB1BRW_L                        05C6
        _A_UCB1RXBUF_L                      05CC
        _A_UCB1TXBUF_L                      05CE
        _A_UCB1IFG_L                        05EC
        current_character                   21C3
        update_display_count                NOT NEEDED
        display_update_time                 NOT NEEDED
        update_display                      21C4
        display_changed                     21C5
        lcd_control                         NOT NEEDED
        display_line                        21C6
        display                             2122
        posi_L1                             NOT NEEDED
        posi_L2                             NOT NEEDED
        posi_L3                             NOT NEEDED
        posi_L4                             NOT NEEDED
        lcd_orient                          NOT NEEDED
        char_count                          NOT NEEDED
        current_line                        NOT NEEDED
        LCD_test                            NOT NEEDED
        spi_chipselect_idle                 9DDC
        spi_chipselect_active               9E70
        spi_reset_idle                      9ED4
        spi_reset_active                    9EDA
        Display_Update                      97B8
        enable_display_update               NOT NEEDED
        update_string                       NOT NEEDED
        Init_LCD                            8DD2
        lcd_4line                           NOT NEEDED
        lcd_BIG_mid                         NOT NEEDED
        lcd_BIG_bot                         NOT NEEDED
        lcd_180                             NOT NEEDED
        lcd_out                             9B22
        lcd_puts                            NOT NEEDED
        WriteIns                            9AAE
        WriteData                           9A5E
        CheckBusy                           NOT NEEDED
        ClrDisplay                          9D10
        ClrDisplay_Buffer_0                 9D66
        ClrDisplay_Buffer_1                 9D8E
        ClrDisplay_Buffer_2                 9DA2
        ClrDisplay_Buffer_3                 9D52
        SetPostion                          NOT NEEDED
        DisplayOnOff                        9D7A
        Init_SPI_B1                         987E
        SPI_B1_write                        9C90
        ?setjmp_save_r4                     NOT NEEDED
        ?setjmp_save_r5                     NOT NEEDED
        PAOUT                               0202
        PAOUT_H                             0203
        PAOUT_L                             0202
        PBOUT                               0222
        PBOUT_H                             0223
        PBOUT_L                             0222
        TB0CCTL2                            0386
        TB0CCTL2_H                          0387
        TB0CCTL2_L                          0386
        TB0CCR2                             0396
        TB0CCR2_H                           0397
        TB0CCR2_L                           0396
        UCB1CTLW0                           05C0
        UCB1CTLW0_H                         05C1
        UCB1CTLW0_L                         05C0
        UCB1BRW                             05C6
        UCB1BRW_H                           05C7
        UCB1BRW_L                           05C6
        UCB1RXBUF                           05CC
        UCB1RXBUF_H                         05CD
        UCB1RXBUF_L                         05CC
        UCB1TXBUF                           05CE
        UCB1TXBUF_H                         05CF
        UCB1TXBUF_L                         05CE
        UCB1IFG                             05EC
        UCB1IFG_H                           05ED
        UCB1IFG_L                           05EC
led ( C:\Users\saad\Documents\anotherone\Project 10\Debug\Obj\led.r43 )
        Display_Process                     9BD2
        ?setjmp_save_r4                     NOT NEEDED
        ?setjmp_save_r5                     NOT NEEDED
main ( C:\Users\saad\Documents\anotherone\Project 10\Debug\Obj\main.r43 )
        _A_PBOUT_L                          NOT NEEDED
        _A_PCOUT_L                          NOT NEEDED
        _A_PM5CTL0_L                        NOT NEEDED
        slow_input_down                     NOT NEEDED
        display_mode                        NOT NEEDED
        test_value                          NOT NEEDED
        chosen_direction                    NOT NEEDED
        change                              NOT NEEDED
        Last_Time_Sequence                  212A
        cycle_count                         212C
        stopwatch_seconds                   212E
        stopwatch_milliseconds              2130
        time_change                         2132
        UCA0_index                          NOT NEEDED
        UCA1_index                          NOT NEEDED
        main                                8BCE
        ?setjmp_save_r4                     NOT NEEDED
        ?setjmp_save_r5                     NOT NEEDED
        PBOUT                               0222
        PBOUT_H                             0223
        PBOUT_L                             0222
        PCOUT                               0242
        PCOUT_H                             0243
        PCOUT_L                             0242
        PM5CTL0                             0130
        PM5CTL0_H                           0131
        PM5CTL0_L                           0130
menu ( C:\Users\saad\Documents\anotherone\Project 10\Debug\Obj\menu.r43 )
        menuState                           20DD
        lastThumb                           NOT NEEDED
        mainMenu                            2134
        calib                               2000
        start                               2040
        commandsOutput                      2080
        currMenu                            20C0
        displayCommandsMenu                 894C
        updateMenuPos                       9A32
        interractWithMenu                   9E62
        transitionMenu                      9220
        MenuProcess                         95A8
        Init_Menu                           9E42
        ?setjmp_save_r4                     NOT NEEDED
        ?setjmp_save_r5                     NOT NEEDED
        ?Subroutine1                        9EA6
        ?Subroutine0                        9EBE
pid ( C:\Users\saad\Documents\anotherone\Project 10\Debug\Obj\pid.r43 )
        GetOutput                           9554
        ClearController                     NOT NEEDED
        ?setjmp_save_r4                     NOT NEEDED
        ?setjmp_save_r5                     NOT NEEDED
ports ( C:\Users\saad\Documents\anotherone\Project 10\Debug\Obj\ports.r43 )
        _A_PAOUT_L                          NOT NEEDED
        _A_PADIR_L                          0204
        _A_PAREN_L                          0206
        _A_PASEL0_L                         020A
        _A_PASEL1_L                         020C
        _A_PASELC_L                         0216
        _A_PAIES_L                          0218
        _A_PAIE_L                           021A
        _A_PAIFG_L                          021C
        _A_PBOUT_L                          NOT NEEDED
        _A_PBDIR_L                          0224
        _A_PBREN_L                          0226
        _A_PBSEL0_L                         022A
        _A_PBSEL1_L                         022C
        _A_PBIES_L                          0238
        _A_PBIE_L                           023A
        _A_PBIFG_L                          023C
        _A_PCOUT_L                          NOT NEEDED
        _A_PCDIR_L                          0244
        _A_PCSEL0_L                         024A
        _A_PCSEL1_L                         024C
        _A_PCSELC_L                         0256
        Init_Ports                          9CC6
        Init_Port1                          94A2
        Init_Port2                          8E6E
        Init_Port3                          8C86
        Init_Port4                          90AC
        Init_Port5                          9934
        Init_Port6                          912E
        ?setjmp_save_r4                     NOT NEEDED
        ?setjmp_save_r5                     NOT NEEDED
        PAOUT                               0202
        PAOUT_H                             0203
        PAOUT_L                             0202
        PADIR                               0204
        PADIR_H                             0205
        PADIR_L                             0204
        PAREN                               0206
        PAREN_H                             0207
        PAREN_L                             0206
        PASEL0                              020A
        PASEL0_H                            020B
        PASEL0_L                            020A
        PASEL1                              020C
        PASEL1_H                            020D
        PASEL1_L                            020C
        PASELC                              0216
        PASELC_H                            0217
        PASELC_L                            0216
        PAIES                               0218
        PAIES_H                             0219
        PAIES_L                             0218
        PAIE                                021A
        PAIE_H                              021B
        PAIE_L                              021A
        PAIFG                               021C
        PAIFG_H                             021D
        PAIFG_L                             021C
        PBOUT                               0222
        PBOUT_H                             0223
        PBOUT_L                             0222
        PBDIR                               0224
        PBDIR_H                             0225
        PBDIR_L                             0224
        PBREN                               0226
        PBREN_H                             0227
        PBREN_L                             0226
        PBSEL0                              022A
        PBSEL0_H                            022B
        PBSEL0_L                            022A
        PBSEL1                              022C
        PBSEL1_H                            022D
        PBSEL1_L                            022C
        PBIES                               0238
        PBIES_H                             0239
        PBIES_L                             0238
        PBIE                                023A
        PBIE_H                              023B
        PBIE_L                              023A
        PBIFG                               023C
        PBIFG_H                             023D
        PBIFG_L                             023C
        PCOUT                               0242
        PCOUT_H                             0243
        PCOUT_L                             0242
        PCDIR                               0244
        PCDIR_H                             0245
        PCDIR_L                             0244
        PCSEL0                              024A
        PCSEL0_H                            024B
        PCSEL0_L                            024A
        PCSEL1                              024C
        PCSEL1_H                            024D
        PCSEL1_L                            024C
        PCSELC                              0256
        PCSELC_H                            0257
        PCSELC_L                            0256
serial ( C:\Users\saad\Documents\anotherone\Project 10\Debug\Obj\serial.r43 )
        _A_UCA0CTLW0_L                      0500
        _A_UCA0BRW_L                        0506
        _A_UCA0MCTLW_L                      0508
        _A_UCA0RXBUF_L                      050C
        _A_UCA0TXBUF_L                      050E
        _A_UCA0IE_L                         NOT NEEDED
        _A_UCA0IV_L                         051E
        _A_UCA1CTLW0_L                      0580
        _A_UCA1BRW_L                        0586
        _A_UCA1MCTLW_L                      0588
        _A_UCA1RXBUF_L                      058C
        _A_UCA1TXBUF_L                      058E
        _A_UCA1IE_L                         059A
        _A_UCA1IV_L                         059E
        usb0_rx_wr                          2174
        usb1_rx_wr                          2176
        usb0_rx_rd                          2178
        usb1_rx_rd                          217A
        USB0_Char_Rx_Ring                   21F2
        USB0_Char_Rx_Process                2212
        USB1_Char_Rx_Ring                   22A8
        USB1_Char_Rx_Process                22C8
        USB0_Char_Tx                        235E
        USB1_Char_Tx                        23F4
        pb0_index                           217C
        pb1_index                           217E
        tx0_index                           2180
        tx1_index                           2182
        pb0_buffered                        2184
        pb1_buffered                        2186
        serialState                         NOT NEEDED
        receievedFromPC                     248A
        Init_Serial_UCA                     91AA
        eUSCI_A0_ISR                        8300
        eUSCI_A1_ISR                        8370
        clearProcessBuff                    9C14
        clearProcessBuff_0                  9E52
        clearProcessBuff_1                  NOT NEEDED
        USCI_A0_transmit                    9E94
        USCI_A1_transmit                    NOT NEEDED
        loadRingtoPB                        9294
        loadRingtoPB_0                      9840
        loadRingtoPB_1                      9862
        SerialProcess                       9EAE
        eUSCI_A1_ISR::??INTVEC 64           FFE2
        eUSCI_A0_ISR::??INTVEC 66           FFE4
        ?setjmp_save_r4                     NOT NEEDED
        ?setjmp_save_r5                     NOT NEEDED
        UCA0CTLW0                           0500
        UCA0CTLW0_H                         0501
        UCA0CTLW0_L                         0500
        UCA0BRW                             0506
        UCA0BRW_H                           0507
        UCA0BRW_L                           0506
        UCA0MCTLW                           0508
        UCA0MCTLW_H                         0509
        UCA0MCTLW_L                         0508
        UCA0RXBUF                           050C
        UCA0RXBUF_H                         050D
        UCA0RXBUF_L                         050C
        UCA0TXBUF                           050E
        UCA0TXBUF_H                         050F
        UCA0TXBUF_L                         050E
        UCA0IE                              051A
        UCA0IE_H                            051B
        UCA0IE_L                            051A
        UCA0IV                              051E
        UCA0IV_H                            051F
        UCA0IV_L                            051E
        UCA1CTLW0                           0580
        UCA1CTLW0_H                         0581
        UCA1CTLW0_L                         0580
        UCA1BRW                             0586
        UCA1BRW_H                           0587
        UCA1BRW_L                           0586
        UCA1MCTLW                           0588
        UCA1MCTLW_H                         0589
        UCA1MCTLW_L                         0588
        UCA1RXBUF                           058C
        UCA1RXBUF_H                         058D
        UCA1RXBUF_L                         058C
        UCA1TXBUF                           058E
        UCA1TXBUF_H                         058F
        UCA1TXBUF_L                         058E
        UCA1IE                              059A
        UCA1IE_H                            059B
        UCA1IE_L                            059A
        UCA1IV                              059E
        UCA1IV_H                            059F
        UCA1IV_L                            059E
        ?Subroutine0                        9858
sm ( C:\Users\saad\Documents\anotherone\Project 10\Debug\Obj\sm.r43 )
        _A_PCOUT_L                          NOT NEEDED
        _A_TB3CCR1_L                        0454
        _A_TB3CCR2_L                        0456
        state                               20DE
        stateCounter                        2188
        driveStateCounter                   218A
        nextState                           20DF
        delayTime                           20C2
        enteringDirection                   NOT NEEDED
        speedRight                          218C
        speedLeft                           218E
        driveTime                           2190
        Straight                            8A52
        Turn                                85A2
        LineFollow                          8646
        Exit                                87BE
        StateMachine                        9030
        Drive                               97FE
        delay                               9AD6
        ?setjmp_save_r4                     NOT NEEDED
        ?setjmp_save_r5                     NOT NEEDED
        PCOUT                               0242
        PCOUT_H                             0243
        PCOUT_L                             0242
        TB3CCR1                             0454
        TB3CCR1_H                           0455
        TB3CCR1_L                           0454
        TB3CCR2                             0456
        TB3CCR2_H                           0457
        TB3CCR2_L                           0456
        ?Subroutine2                        8628
        ?Subroutine1                        863C
        ?Subroutine5                        87A6
        ?Subroutine4                        87AE
        ?Subroutine0                        8824
        ?Subroutine3                        9026
switches ( C:\Users\saad\Documents\anotherone\Project 10\Debug\Obj\switches.r43 )
        _A_PAIE_L                           NOT NEEDED
        _A_PAIFG_L                          NOT NEEDED
        _A_PBIE_L                           NOT NEEDED
        _A_PBIFG_L                          NOT NEEDED
        _A_TB0CCTL1_L                       0384
        _A_TB0CCTL2_L                       NOT NEEDED
        _A_TB0R_L                           0390
        _A_TB0CCR1_L                        0394
        _A_TB0CCR2_L                        NOT NEEDED
        sw1Okay                             NOT NEEDED
        sw2Okay                             NOT NEEDED
        count_debounce_SW1                  NOT NEEDED
        count_debounce_SW2                  NOT NEEDED
        sw1_pos                             NOT NEEDED
        sw2_pos                             NOT NEEDED
        calibrationMode                     2192
        transMenu                           248B
        interractMenu                       248C
        switchP4_interrupt                  83F0
        switchP2_interrupt                  8428
        switchP4_interrupt::??INTVEC 44     FFCE
        switchP2_interrupt::??INTVEC 48     FFD2
        ?setjmp_save_r4                     NOT NEEDED
        ?setjmp_save_r5                     NOT NEEDED
        PAIE                                021A
        PAIE_H                              021B
        PAIE_L                              021A
        PAIFG                               021C
        PAIFG_H                             021D
        PAIFG_L                             021C
        PBIE                                023A
        PBIE_H                              023B
        PBIE_L                              023A
        PBIFG                               023C
        PBIFG_H                             023D
        PBIFG_L                             023C
        TB0CCTL1                            0384
        TB0CCTL1_H                          0385
        TB0CCTL1_L                          0384
        TB0CCTL2                            0386
        TB0CCTL2_H                          0387
        TB0CCTL2_L                          0386
        TB0R                                0390
        TB0R_H                              0391
        TB0R_L                              0390
        TB0CCR1                             0394
        TB0CCR1_H                           0395
        TB0CCR1_L                           0394
        TB0CCR2                             0396
        TB0CCR2_H                           0397
        TB0CCR2_L                           0396
system ( C:\Users\saad\Documents\anotherone\Project 10\Debug\Obj\system.r43 )
        enable_interrupts                   9ECE
        ?setjmp_save_r4                     NOT NEEDED
        ?setjmp_save_r5                     NOT NEEDED
timers ( C:\Users\saad\Documents\anotherone\Project 10\Debug\Obj\timers.r43 )
        _A_ADCCTL0_L                        NOT NEEDED
        _A_PAIE_L                           NOT NEEDED
        _A_PBOUT_L                          NOT NEEDED
        _A_PBIE_L                           NOT NEEDED
        _A_TB0CTL_L                         0380
        _A_TB0CCTL0_L                       0382
        _A_TB0CCTL1_L                       NOT NEEDED
        _A_TB0CCTL2_L                       NOT NEEDED
        _A_TB0CCR0_L                        0392
        _A_TB0CCR1_L                        NOT NEEDED
        _A_TB0CCR2_L                        NOT NEEDED
        _A_TB0EX0_L                         03A0
        _A_TB0IV_L                          03AE
        _A_TB1CTL_L                         03C0
        _A_TB1CCTL0_L                       03C2
        _A_TB1CCTL1_L                       03C4
        _A_TB1CCTL2_L                       03C6
        _A_TB1CCR0_L                        03D2
        _A_TB1EX0_L                         03E0
        _A_TB1IV_L                          03EE
        _A_TB3CTL_L                         0440
        _A_TB3CCTL1_L                       0444
        _A_TB3CCTL2_L                       0446
        _A_TB3CCTL3_L                       0448
        _A_TB3CCTL4_L                       044A
        _A_TB3CCR0_L                        0452
        _A_TB3CCR1_L                        NOT NEEDED
        _A_TB3CCR2_L                        NOT NEEDED
        _A_TB3CCR3_L                        0458
        _A_TB3CCR4_L                        045A
        Time_Sequence                       2194
        timer0Counter                       2196
        backliteCounter                     NOT NEEDED
        debounce_count1                     219A
        debounce_count2                     219C
        debouncing1                         219E
        debouncing2                         21A0
        debounce_thresh1                    20C4
        debounce_thresh2                    20C6
        checkAdc                            NOT NEEDED
        timeElapsedSeconds                  21A2
        timeElapsedMilliseconds             21A4
        stopwatchUpdated                    21A6
        pingCounter                         248D
        pingFlag                            248E
        Init_Timers                         9E88
        Init_Timer_B0                       9A06
        Init_Timer_B1                       9BF4
        Init_Timer_B3                       99A4
        Timer0_B0_ISR                       8460
        TIMER0_B1_ISR                       84AA
        Timer1_B0_ISR                       851C
        TIMER1_B1_ISR                       8570
        TIMER1_B1_ISR::??INTVEC 80          FFF2
        Timer1_B0_ISR::??INTVEC 82          FFF4
        TIMER0_B1_ISR::??INTVEC 84          FFF6
        Timer0_B0_ISR::??INTVEC 86          FFF8
        ?setjmp_save_r4                     NOT NEEDED
        ?setjmp_save_r5                     NOT NEEDED
        ADCCTL0                             0700
        ADCCTL0_H                           0701
        ADCCTL0_L                           0700
        PAIE                                021A
        PAIE_H                              021B
        PAIE_L                              021A
        PBOUT                               0222
        PBOUT_H                             0223
        PBOUT_L                             0222
        PBIE                                023A
        PBIE_H                              023B
        PBIE_L                              023A
        TB0CTL                              0380
        TB0CTL_H                            0381
        TB0CTL_L                            0380
        TB0CCTL0                            0382
        TB0CCTL0_H                          0383
        TB0CCTL0_L                          0382
        TB0CCTL1                            0384
        TB0CCTL1_H                          0385
        TB0CCTL1_L                          0384
        TB0CCTL2                            0386
        TB0CCTL2_H                          0387
        TB0CCTL2_L                          0386
        TB0CCR0                             0392
        TB0CCR0_H                           0393
        TB0CCR0_L                           0392
        TB0CCR1                             0394
        TB0CCR1_H                           0395
        TB0CCR1_L                           0394
        TB0CCR2                             0396
        TB0CCR2_H                           0397
        TB0CCR2_L                           0396
        TB0EX0                              03A0
        TB0EX0_H                            03A1
        TB0EX0_L                            03A0
        TB0IV                               03AE
        TB0IV_H                             03AF
        TB0IV_L                             03AE
        TB1CTL                              03C0
        TB1CTL_H                            03C1
        TB1CTL_L                            03C0
        TB1CCTL0                            03C2
        TB1CCTL0_H                          03C3
        TB1CCTL0_L                          03C2
        TB1CCTL1                            03C4
        TB1CCTL1_H                          03C5
        TB1CCTL1_L                          03C4
        TB1CCTL2                            03C6
        TB1CCTL2_H                          03C7
        TB1CCTL2_L                          03C6
        TB1CCR0                             03D2
        TB1CCR0_H                           03D3
        TB1CCR0_L                           03D2
        TB1EX0                              03E0
        TB1EX0_H                            03E1
        TB1EX0_L                            03E0
        TB1IV                               03EE
        TB1IV_H                             03EF
        TB1IV_L                             03EE
        TB3CTL                              0440
        TB3CTL_H                            0441
        TB3CTL_L                            0440
        TB3CCTL1                            0444
        TB3CCTL1_H                          0445
        TB3CCTL1_L                          0444
        TB3CCTL2                            0446
        TB3CCTL2_H                          0447
        TB3CCTL2_L                          0446
        TB3CCTL3                            0448
        TB3CCTL3_H                          0449
        TB3CCTL3_L                          0448
        TB3CCTL4                            044A
        TB3CCTL4_H                          044B
        TB3CCTL4_L                          044A
        TB3CCR0                             0452
        TB3CCR0_H                           0453
        TB3CCR0_L                           0452
        TB3CCR1                             0454
        TB3CCR1_H                           0455
        TB3CCR1_L                           0454
        TB3CCR2                             0456
        TB3CCR2_H                           0457
        TB3CCR2_L                           0456
        TB3CCR3                             0458
        TB3CCR3_H                           0459
        TB3CCR3_L                           0458
        TB3CCR4                             045A
        TB3CCR4_H                           045B
        TB3CCR4_L                           045A
utils ( C:\Users\saad\Documents\anotherone\Project 10\Debug\Obj\utils.r43 )
        centerStringToDisplay               98F8
        subStringPos                        972C
        stoi                                9B6A
        charInString                        9A86
        absVal                              NOT NEEDED
        HEXtoBCD                            943E
        additionSafe                        98BC
        multSafe                            NOT NEEDED
        ?setjmp_save_r4                     NOT NEEDED
        ?setjmp_save_r5                     NOT NEEDED
wheels ( C:\Users\saad\Documents\anotherone\Project 10\Debug\Obj\wheels.r43 )
        _A_TB1CCTL1_L                       NOT NEEDED
        _A_TB1CCTL2_L                       NOT NEEDED
        _A_TB1R_L                           03D0
        _A_TB1CCR1_L                        03D4
        _A_TB1CCR2_L                        03D6
        _A_TB3CCR1_L                        NOT NEEDED
        _A_TB3CCR2_L                        NOT NEEDED
        _A_TB3CCR3_L                        NOT NEEDED
        _A_TB3CCR4_L                        NOT NEEDED
        wheel_periods                       NOT NEEDED
        rightSwitchable                     20C8
        leftSwitchable                      20CA
        temp                                NOT NEEDED
        rightFollowController               20CC
        leftFollowController                20D4
        ShutoffMotors                       9EB6
        ShutoffRight                        9B46
        ShutoffLeft                         9AFE
        MotorSafety                         9B8E
        RunRightMotor                       95FA
        RunLeftMotor                        964A
        LockMotors                          9E7C
        LockMotorsTime                      9EC6
        Update_Ticks                        9D26
        Drive_Path                          996E
        ?setjmp_save_r4                     NOT NEEDED
        ?setjmp_save_r5                     NOT NEEDED
        TB1CCTL1                            03C4
        TB1CCTL1_H                          03C5
        TB1CCTL1_L                          03C4
        TB1CCTL2                            03C6
        TB1CCTL2_H                          03C7
        TB1CCTL2_L                          03C6
        TB1R                                03D0
        TB1R_H                              03D1
        TB1R_L                              03D0
        TB1CCR1                             03D4
        TB1CCR1_H                           03D5
        TB1CCR1_L                           03D4
        TB1CCR2                             03D6
        TB1CCR2_H                           03D7
        TB1CCR2_L                           03D6
        TB3CCR1                             0454
        TB3CCR1_H                           0455
        TB3CCR1_L                           0454
        TB3CCR2                             0456
        TB3CCR2_H                           0457
        TB3CCR2_L                           0456
        TB3CCR3                             0458
        TB3CCR3_H                           0459
        TB3CCR3_L                           0458
        TB3CCR4                             045A
        TB3CCR4_H                           045B
        TB3CCR4_L                           045A
        ?Subroutine0                        9C72
?abort ( C:\Program Files\IAR Systems\Embedded Workbench 8.5\430\lib\dlib\dl430xlsfn.r43 )
        abort                               NOT NEEDED
?__dbg_break ( C:\Program Files\IAR Systems\Embedded Workbench 8.5\430\lib\dlib\dl430xlsfn.r43 )
        __DebugBreak                        9EEC
?__dwrite ( C:\Program Files\IAR Systems\Embedded Workbench 8.5\430\lib\dlib\dl430xlsfn.r43 )
        __dwrite                            NOT NEEDED
?__exit ( C:\Program Files\IAR Systems\Embedded Workbench 8.5\430\lib\dlib\dl430xlsfn.r43 )
        __exit                              9DB6
?__write ( C:\Program Files\IAR Systems\Embedded Workbench 8.5\430\lib\dlib\dl430xlsfn.r43 )
        __write                             NOT NEEDED
?_exit ( C:\Program Files\IAR Systems\Embedded Workbench 8.5\430\lib\dlib\dl430xlsfn.r43 )
        _exit                               9EE4
        __cstart_call_dtors                 NOT NEEDED
        __cstart_closeall                   NOT NEEDED
        __cstart_clearlocks                 NOT NEEDED
?cppinit ( C:\Program Files\IAR Systems\Embedded Workbench 8.5\430\lib\dlib\dl430xlsfn.r43 )
        __call_ctors                        NOT NEEDED
        __alloc_record_needed_destruction   NOT NEEDED
        __record_needed_destruction         NOT NEEDED
        __call_dtors                        NOT NEEDED
        __data16_vec_cctor                  NOT NEEDED
?cstart ( C:\Program Files\IAR Systems\Embedded Workbench 8.5\430\lib\dlib\dl430xlsfn.r43 )
        __program_start                     823E
        ?cstart_begin                       823E
        ?cstart_call_mpu_init               NOT NEEDED
        ?cstart_call_frwp_init              NOT NEEDED
        ?cstart_call_low_level_init         NOT NEEDED
        ?cstart_init_copy_ramfunc           NOT NEEDED
        ?cstart_init_zero                   8242
        ?cstart_init_copy                   824E
        ?cstart_init_zero20                 NOT NEEDED
        ?cstart_init_copy20                 NOT NEEDED
        __cstart_init_tls                   NOT NEEDED
        ?cstart_call_ctors                  NOT NEEDED
        ?cstart_call_main                   825E
        ?cstart_end                         8266
lowinit ( C:\Program Files\IAR Systems\Embedded Workbench 8.5\430\lib\dlib\dl430xlsfn.r43 )
        __low_level_init                    NOT NEEDED
?reset_vector ( C:\Program Files\IAR Systems\Embedded Workbench 8.5\430\lib\dlib\dl430xlsfn.r43 )
        ?reset_vector                       FFFE
?exit ( C:\Program Files\IAR Systems\Embedded Workbench 8.5\430\lib\dlib\dl430xlsfn.r43 )
        exit                                9EE8
?FrwpInit ( C:\Program Files\IAR Systems\Embedded Workbench 8.5\430\lib\dlib\dl430xlsfn.r43 )
        __iar_430_frwp_init                 NOT NEEDED
?malloc ( C:\Program Files\IAR Systems\Embedded Workbench 8.5\430\lib\dlib\dl430xlsfn.r43 )
        malloc                              NOT NEEDED
?DivMod816u ( C:\Program Files\IAR Systems\Embedded Workbench 8.5\430\lib\dlib\dl430xlsfn.r43 )
        ?DivMod8u                           NOT NEEDED
        ?DivMod16u                          NOT NEEDED
?DivMod816s ( C:\Program Files\IAR Systems\Embedded Workbench 8.5\430\lib\dlib\dl430xlsfn.r43 )
        ?DivMod8s                           NOT NEEDED
        ?DivMod16s                          NOT NEEDED
?memcpy ( C:\Program Files\IAR Systems\Embedded Workbench 8.5\430\lib\dlib\dl430xlsfn.r43 )
        memcpy                              9DEE
?memmove ( C:\Program Files\IAR Systems\Embedded Workbench 8.5\430\lib\dlib\dl430xlsfn.r43 )
        memmove                             NOT NEEDED
?CopyMemoryWords ( C:\Program Files\IAR Systems\Embedded Workbench 8.5\430\lib\dlib\dl430xlsfn.r43 )
        ?CopyMemoryWords                    9E12
?memzero ( C:\Program Files\IAR Systems\Embedded Workbench 8.5\430\lib\dlib\dl430xlsfn.r43 )
        __data16_memzero                    9E32
        __data16_memcpy                     9EE0
        __data16_memmove                    NOT NEEDED
?MpuInit ( C:\Program Files\IAR Systems\Embedded Workbench 8.5\430\lib\dlib\dl430xlsfn.r43 )
        __iar_430_mpu_init                  NOT NEEDED
        ?mpu1_4k_init                       NOT NEEDED
        ?mpu1_8k_init                       NOT NEEDED
        ?mpu1_16k_init                      NOT NEEDED
        ?mpu2_init                          NOT NEEDED
?setjmp ( C:\Program Files\IAR Systems\Embedded Workbench 8.5\430\lib\dlib\dl430xlsfn.r43 )
        setjmp                              NOT NEEDED
        ?setjmp_r5                          NOT NEEDED
        ?setjmp_r4                          NOT NEEDED
        ?setjmp_end                         NOT NEEDED
?longjmp ( C:\Program Files\IAR Systems\Embedded Workbench 8.5\430\lib\dlib\dl430xlsfn.r43 )
        longjmp                             NOT NEEDED
        ?longjmp_r5                         NOT NEEDED
        ?longjmp_r4                         NOT NEEDED
        ?longjmp_end                        NOT NEEDED
?IndCallR11 ( C:\Program Files\IAR Systems\Embedded Workbench 8.5\430\lib\dlib\dl430xlsfn.r43 )
        ?IndCallR11                         NOT NEEDED
?IndCallR15 ( C:\Program Files\IAR Systems\Embedded Workbench 8.5\430\lib\dlib\dl430xlsfn.r43 )
        ?IndCallR15                         NOT NEEDED
?strcmp ( C:\Program Files\IAR Systems\Embedded Workbench 8.5\430\lib\dlib\dl430xlsfn.r43 )
        strcmp                              9C54
?strcpy ( C:\Program Files\IAR Systems\Embedded Workbench 8.5\430\lib\dlib\dl430xlsfn.r43 )
        strcpy                              9E22
?strlen ( C:\Program Files\IAR Systems\Embedded Workbench 8.5\430\lib\dlib\dl430xlsfn.r43 )
        strlen                              9E00
?xcloseall ( C:\Program Files\IAR Systems\Embedded Workbench 8.5\430\lib\dlib\dl430xlsfn.r43 )
        _Close_all                          NOT NEEDED
?xgetmemchunk ( C:\Program Files\IAR Systems\Embedded Workbench 8.5\430\lib\dlib\dl430xlsfn.r43 )
        __data16_GetMemChunk                NOT NEEDED
?xxmemxfree ( C:\Program Files\IAR Systems\Embedded Workbench 8.5\430\lib\dlib\dl430xlsfn.r43 )
        __data16_free                       NOT NEEDED
?xxmemxmalloc ( C:\Program Files\IAR Systems\Embedded Workbench 8.5\430\lib\dlib\dl430xlsfn.r43 )
        __data16_Aldata                     NOT NEEDED
        __data16_malloc                     NOT NEEDED
        __data16_findmem                     LOCAL, NOT NEEDED


                ****************************************
                *                                      *
                *            MODULE SUMMARY            *
                *                                      *
                ****************************************

Module               CODE      DATA      CONST
------               ----      ----      -----
                    (Rel)  (Rel)  (Abs)  (Rel)
?CopyMemoryWords       16
?__dbg_break            2
?__exit                20
?_exit                  4
?cstart                40
?exit                   4
?memcpy                18
?memzero               20
?reset_vector           2
?strcmp                30
?strcpy                16
?strlen                18
LCD                   596     55     10
  + shared                            6
adc                   360     12     24
  + shared             60             2
  + common
clocks                264            18
  + shared                            2
detectors             234     24
init                   74
  + shared                            4
iot                 1 002     58           115
  + shared                            2
led                    34
main                  184     10            11
menu                  550    259           348
pid                    84
ports                 754            30
  + shared                            8
serial                596    685     26
  + common             68
sm                  1 080     14            69
  + shared                            4
switches              112      4      2
  + shared             50             4
  + common
system                  6
timers                460     26     32      4
  + shared             88             8
  + common
utils                 366                    6
wheels                400     20      6     20
N/A (command line)           160
N/A (alignment)
----------          -----  -----    ---    ---
Total:              7 346  1 327    188    573
  + common             88


                ****************************************
                *                                      *
                *      SEGMENTS IN ADDRESS ORDER       *
                *                                      *
                ****************************************


SEGMENT              SPACE    START ADDRESS   END ADDRESS     SIZE  TYPE  ALIGN
=======              =====    =============   ===========     ====  ====  =====
DATA16_AN                              0102 - 0103               2   rel    0
                                       0120 - 0121               2 
                                       0124 - 0125               2 
                                       0130 - 0131               2 
                                       0180 - 018B               C 
                                       018E - 018F               2 
                                       01CC - 01CD               2 
                                       0202 - 0207               6 
                                       020A - 020D               4 
                                       0216 - 021D               8 
                                       0222 - 0227               6 
                                       022A - 022D               4 
                                       0238 - 023D               6 
                                       0242 - 0245               4 
                                       024A - 024D               4 
                                       0256 - 0257               2 
                                       0380 - 0387               8 
                                       0390 - 0397               8 
                                       03A0 - 03A1               2 
                                       03AE - 03AF               2 
                                       03C0 - 03C7               8 
                                       03D0 - 03D7               8 
                                       03E0 - 03E1               2 
                                       03EE - 03EF               2 
                                       0440 - 0441               2 
                                       0444 - 044B               8 
                                       0452 - 045B               A 
                                       0500 - 0501               2 
                                       0506 - 0509               4 
                                       050C - 050F               4 
                                       051A - 051B               2 
                                       051E - 051F               2 
                                       0580 - 0581               2 
                                       0586 - 0589               4 
                                       058C - 058F               4 
                                       059A - 059B               2 
                                       059E - 059F               2 
                                       05C0 - 05C1               2 
                                       05C6 - 05C7               2 
                                       05CC - 05CF               4 
                                       05EC - 05ED               2 
                                       0700 - 0705               6 
                                       070A - 070B               2 
                                       0712 - 0713               2 
                                       071A - 071B               2 
                                       071E - 071F               2 
                                       0CB0 - 0CB7               8 
DATA16_I                               2000 - 20DF              E0   rel    1
DATA16_Z                               20E0 - 248E             3AF   rel    1
DATA20_I                                  2490                       rel    1
DATA20_Z                                  2490                       rel    1
DATA20_N                                  2490                       rel    1
CODE_I                                    2490                       rel    1
CSTACK                                 2F60 - 2FFF              A0   rel    1
DATA16_C                               8000 - 815C             15D   rel    1
DATA16_ID                              815E - 823D              E0   rel    1
DATA20_ID                                 823E                       rel    1
DATA20_C                                  823E                       rel    1
CSTART                                 823E - 8265              28   rel    1
ISR_CODE                               8266 - 85A1             33C   rel    1
CODE_ID                                   85A2                       rel    1
<CODE> 1                               85A2 - 9EED            194C   rel    1
INTVEC                                 FFA2 - FFF9              58   com    1
RESET                                  FFFE - FFFF               2   rel    1

                ****************************************
                *                                      *
                *        END OF CROSS REFERENCE        *
                *                                      *
                ****************************************

 7 434 bytes of CODE  memory
 1 327 bytes of DATA  memory (+ 188 absolute )
   573 bytes of CONST memory

Errors: none
Warnings: 1

