###############################################################################
#
# IAR C/C++ Compiler V7.21.1.1000/W32 for MSP430          15/Feb/2022  11:19:02
# Copyright 1996-2021 IAR Systems AB.
# PC-locked license - IAR Embedded Workbench for MSP430, 8K KickStart Edition 7.21
#
#    __rt_version  =  3
#    __double_size =  32
#    __reg_r4      =  free
#    __reg_r5      =  free
#    __pic         =  no
#    __core        =  430X
#    __data_model  =  small
#    __code_model  =  large
#    Source file   =  C:\Users\saad\Documents\ece-306\Homework 05\ports.c
#    Command line  =  
#        -f C:\Users\saad\AppData\Local\Temp\EW988D.tmp
#        ("C:\Users\saad\Documents\ece-306\Homework 05\ports.c" -lC
#        "C:\Users\saad\Documents\ece-306\Homework 05\Debug\List" -o
#        "C:\Users\saad\Documents\ece-306\Homework 05\Debug\Obj" --no_cse
#        --no_unroll --no_inline --no_code_motion --no_tbaa --debug
#        -D__MSP430FR2355__ -e --double=32 --dlib_config "C:\Program Files\IAR
#        Systems\Embedded Workbench 8.5\430\lib\dlib\dl430xlsfn.h" -I ./
#        --core=430X --data_model=small -On --multiplier=32
#        --hw_workaround=CPU40 --code_model=large)
#    Locale        =  English_USA.1252
#    List file     =  
#        C:\Users\saad\Documents\ece-306\Homework 05\Debug\List\ports.lst
#    Object file   =  
#        C:\Users\saad\Documents\ece-306\Homework 05\Debug\Obj\ports.r43
#
###############################################################################

C:\Users\saad\Documents\ece-306\Homework 05\ports.c
      1          //==============================================================================
      2          // File Name : ports.c 
      3          // 
      4          // Description: This file contains the Initialization for all port pins 
      5          // 
      6          // Author: Ibrahim Moghul
      7          // Date: Feb 2022 
      8          // Compiler: Built with IAR Embedded Workbench Version: 7.21.1 
      9          //==============================================================================
     10          #include "ports.h"
     11          #include "msp430.h"

   \                                 In  segment DATA16_AN, at 0x202
   \   union <unnamed> _A_PAOUT_L
   \                     _A_PAOUT_L:
   \   000000                DS8 2

   \                                 In  segment DATA16_AN, at 0x204
   \   union <unnamed> _A_PADIR_L
   \                     _A_PADIR_L:
   \   000000                DS8 2

   \                                 In  segment DATA16_AN, at 0x206
   \   union <unnamed> _A_PAREN_L
   \                     _A_PAREN_L:
   \   000000                DS8 2

   \                                 In  segment DATA16_AN, at 0x20a
   \   union <unnamed> _A_PASEL0_L
   \                     _A_PASEL0_L:
   \   000000                DS8 2

   \                                 In  segment DATA16_AN, at 0x20c
   \   union <unnamed> _A_PASEL1_L
   \                     _A_PASEL1_L:
   \   000000                DS8 2

   \                                 In  segment DATA16_AN, at 0x222
   \   union <unnamed> _A_PBOUT_L
   \                     _A_PBOUT_L:
   \   000000                DS8 2

   \                                 In  segment DATA16_AN, at 0x224
   \   union <unnamed> _A_PBDIR_L
   \                     _A_PBDIR_L:
   \   000000                DS8 2

   \                                 In  segment DATA16_AN, at 0x226
   \   union <unnamed> _A_PBREN_L
   \                     _A_PBREN_L:
   \   000000                DS8 2

   \                                 In  segment DATA16_AN, at 0x22a
   \   union <unnamed> _A_PBSEL0_L
   \                     _A_PBSEL0_L:
   \   000000                DS8 2

   \                                 In  segment DATA16_AN, at 0x22c
   \   union <unnamed> _A_PBSEL1_L
   \                     _A_PBSEL1_L:
   \   000000                DS8 2

   \                                 In  segment DATA16_AN, at 0x242
   \   union <unnamed> _A_PCOUT_L
   \                     _A_PCOUT_L:
   \   000000                DS8 2

   \                                 In  segment DATA16_AN, at 0x244
   \   union <unnamed> _A_PCDIR_L
   \                     _A_PCDIR_L:
   \   000000                DS8 2

   \                                 In  segment DATA16_AN, at 0x24a
   \   union <unnamed> _A_PCSEL0_L
   \                     _A_PCSEL0_L:
   \   000000                DS8 2

   \                                 In  segment DATA16_AN, at 0x24c
   \   union <unnamed> _A_PCSEL1_L
   \                     _A_PCSEL1_L:
   \   000000                DS8 2
     12          
     13          //===========================================================================
     14          // Function name: Init_Ports
     15          //
     16          // Description: Initialize all ports
     17          //
     18          // Passed : no variables passed
     19          // Locals: no variables declared
     20          // Returned: no values returned
     21          // Globals: no global variables used
     22          //
     23          // Author: Ibrahim Moghul
     24          // Date: Feb 2022
     25          // Compiler: Built with IAR Embedded Workbench Version: (7.21.1)
     26          //===========================================================================

   \                                 In  segment CODE, align 2
     27          void Init_Ports(void){
   \                     Init_Ports:
     28            Init_Port1();
   \   000000   ........     CALLA   #Init_Port1
     29            Init_Port2();
   \   000004   ........     CALLA   #Init_Port2
     30            Init_Port3(USE_SMCLK);
   \   000008   5C43         MOV.B   #0x1, R12
   \   00000A   ........     CALLA   #Init_Port3
     31            Init_Port4();
   \   00000E   ........     CALLA   #Init_Port4
     32            Init_Port5();
   \   000012   ........     CALLA   #Init_Port5
     33            Init_Port6();
   \   000016   ........     CALLA   #Init_Port6
     34          }
   \   00001A   1001         RETA
     35          
     36          //===========================================================================
     37          // Function name: Init_Port1
     38          //
     39          // Description: Initialize all pins on port 1
     40          //
     41          // Passed : no variables passed
     42          // Locals: no variables declared
     43          // Returned: no values returned
     44          // Globals: no global variables used
     45          //
     46          // Author: Ibrahim Moghul
     47          // Date: Feb 2022
     48          // Compiler: Built with IAR Embedded Workbench Version: (7.21.1)
     49          //===========================================================================

   \                                 In  segment CODE, align 2
     50          void Init_Port1() {
   \                     Init_Port1:
     51              P1OUT = 0x00;
   \   000000   C2430202     MOV.B   #0x0, &0x202
     52              P1DIR = 0x00;
   \   000004   C2430402     MOV.B   #0x0, &0x204
     53          
     54              P1SEL0 &= ~RED_LED;
   \   000008   D2C30A02     BIC.B   #0x1, &0x20a
     55              P1SEL1 &= ~RED_LED;
   \   00000C   D2C30C02     BIC.B   #0x1, &0x20c
     56              P1DIR |= RED_LED;
   \   000010   D2D30402     BIS.B   #0x1, &0x204
     57              P1OUT &= ~RED_LED;
   \   000014   D2C30202     BIC.B   #0x1, &0x202
     58          
     59              P1SEL0 |= A1_SEEED;
   \   000018   E2D30A02     BIS.B   #0x2, &0x20a
     60              P1SEL1 |= A1_SEEED;
   \   00001C   E2D30C02     BIS.B   #0x2, &0x20c
     61          
     62              P1SEL0 |= V_DETECT_L;
   \   000020   E2D20A02     BIS.B   #0x4, &0x20a
     63              P1SEL1 |= V_DETECT_L;
   \   000024   E2D20C02     BIS.B   #0x4, &0x20c
     64          
     65              P1SEL0 |= V_DETECT_R;
   \   000028   F2D20A02     BIS.B   #0x8, &0x20a
     66              P1SEL1 |= V_DETECT_R;
   \   00002C   F2D20C02     BIS.B   #0x8, &0x20c
     67          
     68              P1SEL0 &= ~SMCLK_2476;
   \   000030   F2C010000A02 BIC.B   #0x10, &0x20a
     69              P1SEL1 &= ~SMCLK_2476;
   \   000036   F2C010000C02 BIC.B   #0x10, &0x20c
     70              P1DIR &= ~SMCLK_2476;
   \   00003C   F2C010000402 BIC.B   #0x10, &0x204
     71          
     72              P1SEL0 |= V_THUMB;
   \   000042   F2D020000A02 BIS.B   #0x20, &0x20a
     73              P1SEL1 |= V_THUMB;
   \   000048   F2D020000C02 BIS.B   #0x20, &0x20c
     74          
     75              P1SEL0 &= ~UCA0RXD;
   \   00004E   F2C040000A02 BIC.B   #0x40, &0x20a
     76              P1SEL0 |= UCA0RXD;
   \   000054   F2D040000A02 BIS.B   #0x40, &0x20a
     77          
     78              P1SEL0 &= ~UCA0TXD;
   \   00005A   F2C080000A02 BIC.B   #0x80, &0x20a
     79              P1SEL0 |= UCA0TXD;
   \   000060   F2D080000A02 BIS.B   #0x80, &0x20a
     80          }
   \   000066   1001         RETA
   \   000068                REQUIRE _A_PAOUT_L
   \   000068                REQUIRE _A_PADIR_L
   \   000068                REQUIRE _A_PASEL0_L
   \   000068                REQUIRE _A_PASEL1_L
     81          
     82          //===========================================================================
     83          // Function name: Init_Port2
     84          //
     85          // Description: Initialize all pins on port 2
     86          //
     87          // Passed : no variables passed
     88          // Locals: no variables declared
     89          // Returned: no values returned
     90          // Globals: no global variables used
     91          //
     92          // Author: Ibrahim Moghul
     93          // Date: Feb 2022
     94          // Compiler: Built with IAR Embedded Workbench Version: (7.21.1)
     95          //===========================================================================

   \                                 In  segment CODE, align 2
     96          void Init_Port2() {
   \                     Init_Port2:
     97              P2OUT = 0x00;
   \   000000   C2430302     MOV.B   #0x0, &0x203
     98              P2DIR = 0x00;
   \   000004   C2430502     MOV.B   #0x0, &0x205
     99              
    100              P2SEL0 &= ~RESET_LCD;
   \   000008   D2C30B02     BIC.B   #0x1, &0x20b
    101              P2SEL1 &= ~RESET_LCD;
   \   00000C   D2C30D02     BIC.B   #0x1, &0x20d
    102              P2OUT &= ~RESET_LCD;
   \   000010   D2C30302     BIC.B   #0x1, &0x203
    103              P2DIR |= RESET_LCD;
   \   000014   D2D30502     BIS.B   #0x1, &0x205
    104              
    105              P2SEL0 &= ~L_REVERSE_2476;
   \   000018   E2C30B02     BIC.B   #0x2, &0x20b
    106              P2SEL1 &= ~L_REVERSE_2476;
   \   00001C   E2C30D02     BIC.B   #0x2, &0x20d
    107              P2DIR &= ~L_REVERSE_2476;
   \   000020   E2C30502     BIC.B   #0x2, &0x205
    108              
    109              P2SEL0 &= ~P2_2;
   \   000024   E2C20B02     BIC.B   #0x4, &0x20b
    110              P2SEL1 &= ~P2_2;
   \   000028   E2C20D02     BIC.B   #0x4, &0x20d
    111              P2DIR &= ~P2_2;
   \   00002C   E2C20502     BIC.B   #0x4, &0x205
    112              
    113              P2SEL0 &= ~SW2;
   \   000030   F2C20B02     BIC.B   #0x8, &0x20b
    114              P2SEL1 &= ~SW2;
   \   000034   F2C20D02     BIC.B   #0x8, &0x20d
    115              P2OUT |= SW2;
   \   000038   F2D20302     BIS.B   #0x8, &0x203
    116              P2DIR &= ~SW2;
   \   00003C   F2C20502     BIC.B   #0x8, &0x205
    117              P2REN |= SW2;
   \   000040   F2D20702     BIS.B   #0x8, &0x207
    118              // P2IES = SW2;
    119              // P2IFG &= ~SW2;
    120              // P2IE = SW2;
    121              
    122              P2SEL0 &= ~IOT_RUN_CPU;
   \   000044   F2C010000B02 BIC.B   #0x10, &0x20b
    123              P2SEL1 &= ~IOT_RUN_CPU;
   \   00004A   F2C010000D02 BIC.B   #0x10, &0x20d
    124              P2OUT &= ~IOT_RUN_CPU;
   \   000050   F2C010000302 BIC.B   #0x10, &0x203
    125              P2DIR |= IOT_RUN_CPU;
   \   000056   F2D010000502 BIS.B   #0x10, &0x205
    126              
    127              P2SEL0 &= ~DAC_ENB;
   \   00005C   F2C020000B02 BIC.B   #0x20, &0x20b
    128              P2SEL1 &= -DAC_ENB;
   \   000062   F2F0E0000D02 AND.B   #0xe0, &0x20d
    129              P2OUT |= DAC_ENB;
   \   000068   F2D020000302 BIS.B   #0x20, &0x203
    130              P2DIR |= DAC_ENB;
   \   00006E   F2D020000502 BIS.B   #0x20, &0x205
    131              
    132              P2SEL0 &= ~LFXOUT;
   \   000074   F2C040000B02 BIC.B   #0x40, &0x20b
    133              P2SEL1 |= LFXOUT;
   \   00007A   F2D040000D02 BIS.B   #0x40, &0x20d
    134              
    135              P2SEL0 &= ~LFXIN;
   \   000080   F2C080000B02 BIC.B   #0x80, &0x20b
    136              P2SEL1 |= LFXIN;
   \   000086   F2D080000D02 BIS.B   #0x80, &0x20d
    137          }
   \   00008C   1001         RETA
   \   00008E                REQUIRE _A_PAOUT_L
   \   00008E                REQUIRE _A_PADIR_L
   \   00008E                REQUIRE _A_PASEL0_L
   \   00008E                REQUIRE _A_PASEL1_L
   \   00008E                REQUIRE _A_PAREN_L
    138          
    139          //===========================================================================
    140          // Function name: Init_Port3
    141          //
    142          // Description: Initialize all pins on port 3
    143          //
    144          // Passed : no variables passed
    145          // Locals: no variables declared
    146          // Returned: no values returned
    147          // Globals: no global variables used
    148          //
    149          // Author: Ibrahim Moghul
    150          // Date: Feb 2022
    151          // Compiler: Built with IAR Embedded Workbench Version: (7.21.1)
    152          //===========================================================================

   \                                 In  segment CODE, align 2
    153          void Init_Port3(char smclk) {
   \                     Init_Port3:
    154              P3OUT = 0x00;
   \   000000   C2432202     MOV.B   #0x0, &0x222
    155              P3DIR = 0x00;
   \   000004   C2432402     MOV.B   #0x0, &0x224
    156          
    157              P3SEL0 &= ~TEST_PROBE;
   \   000008   D2C32A02     BIC.B   #0x1, &0x22a
    158              P3SEL1 &= ~TEST_PROBE;
   \   00000C   D2C32C02     BIC.B   #0x1, &0x22c
    159              P3DIR &= ~TEST_PROBE;
   \   000010   D2C32402     BIC.B   #0x1, &0x224
    160          
    161              P3SEL0 &= ~DAC_CNTL1;
   \   000014   E2C32A02     BIC.B   #0x2, &0x22a
    162              P3SEL1 &= ~DAC_CNTL1;
   \   000018   E2C32C02     BIC.B   #0x2, &0x22c
    163              P3DIR &= ~DAC_CNTL1;
   \   00001C   E2C32402     BIC.B   #0x2, &0x224
    164          
    165              P3SEL0 |= OA2N;
   \   000020   E2D22A02     BIS.B   #0x4, &0x22a
    166              P3SEL1 |= OA2N;
   \   000024   E2D22C02     BIS.B   #0x4, &0x22c
    167          
    168              P3SEL0 &= ~LCD_BACKLITE;
   \   000028   F2C22A02     BIC.B   #0x8, &0x22a
    169              P3SEL1 &= ~LCD_BACKLITE;
   \   00002C   F2C22C02     BIC.B   #0x8, &0x22c
    170              P3DIR |= LCD_BACKLITE;
   \   000030   F2D22402     BIS.B   #0x8, &0x224
    171              P3OUT |= LCD_BACKLITE;
   \   000034   F2D22202     BIS.B   #0x8, &0x222
    172          
    173              P3SEL0 &= ~SMCLK_2355;
   \   000038   F2C010002A02 BIC.B   #0x10, &0x22a
    174              P3SEL1 &= ~SMCLK_2355;
   \   00003E   F2C010002C02 BIC.B   #0x10, &0x22c
    175              P3DIR &= ~SMCLK_2355;
   \   000044   F2C010002402 BIC.B   #0x10, &0x224
    176              switch (smclk){
   \   00004A   4E4C         MOV.B   R12, R14
   \   00004C   4E83         SUB.B   #0x0, R14
   \   00004E   0324         JEQ     ??Init_Port3_1
   \   000050   5E83         SUB.B   #0x1, R14
   \   000052   0B24         JEQ     ??Init_Port3_2
   \   000054   133C         JMP     ??Init_Port3_0
    177                case USE_GPIO:
    178                  P3SEL0 &= ~SMCLK_2355;
   \                     ??Init_Port3_1:
   \   000056   F2C010002A02 BIC.B   #0x10, &0x22a
    179                  P3SEL1 &= ~SMCLK_2355;
   \   00005C   F2C010002C02 BIC.B   #0x10, &0x22c
    180                  P3DIR &= ~SMCLK_2355;
   \   000062   F2C010002402 BIC.B   #0x10, &0x224
    181                  break;
   \   000068   093C         JMP     ??Init_Port3_0
    182                case USE_SMCLK:
    183                  P3SEL1 &= ~SMCLK_2355;
   \                     ??Init_Port3_2:
   \   00006A   F2C010002C02 BIC.B   #0x10, &0x22c
    184                  P3SEL0 |= SMCLK_2355;
   \   000070   F2D010002A02 BIS.B   #0x10, &0x22a
    185                  P3DIR |= SMCLK_2355;
   \   000076   F2D010002402 BIS.B   #0x10, &0x224
    186                  break;
    187                default: break;
    188              }
    189              P3SEL0 &= ~DAC_CNTL;
   \                     ??Init_Port3_0:
   \   00007C   F2C020002A02 BIC.B   #0x20, &0x22a
    190              P3SEL1 &= ~DAC_CNTL;
   \   000082   F2C020002C02 BIC.B   #0x20, &0x22c
    191              P3DIR &= ~DAC_CNTL;
   \   000088   F2C020002402 BIC.B   #0x20, &0x224
    192          
    193              P3SEL0 &= ~IOT_LINK_CPU;
   \   00008E   F2C040002A02 BIC.B   #0x40, &0x22a
    194              P3SEL1 &= ~IOT_LINK_CPU;
   \   000094   F2C040002C02 BIC.B   #0x40, &0x22c
    195              P3DIR &= ~IOT_LINK_CPU;
   \   00009A   F2C040002402 BIC.B   #0x40, &0x224
    196              //P3OUT &= ~IOT_LINK_CPU;
    197          
    198              P3SEL0 &= ~IOT_EN_CPU;
   \   0000A0   F2C080002A02 BIC.B   #0x80, &0x22a
    199              P3SEL1 &= ~IOT_EN_CPU;
   \   0000A6   F2C080002C02 BIC.B   #0x80, &0x22c
    200              P3DIR &= ~IOT_EN_CPU;
   \   0000AC   F2C080002402 BIC.B   #0x80, &0x224
    201              //P3OUT &= ~IOT_EN_CPU;
    202          }
   \   0000B2   1001         RETA
   \   0000B4                REQUIRE _A_PBOUT_L
   \   0000B4                REQUIRE _A_PBDIR_L
   \   0000B4                REQUIRE _A_PBSEL0_L
   \   0000B4                REQUIRE _A_PBSEL1_L
    203          
    204          //===========================================================================
    205          // Function name: Init_Port4
    206          //
    207          // Description: Initialize all pins on port 4
    208          //
    209          // Passed : no variables passed
    210          // Locals: no variables declared
    211          // Returned: no values returned
    212          // Globals: no global variables used
    213          //
    214          // Author: Ibrahim Moghul
    215          // Date: Feb 2022
    216          // Compiler: Built with IAR Embedded Workbench Version: (7.21.1)
    217          //===========================================================================

   \                                 In  segment CODE, align 2
    218          void Init_Port4() {
   \                     Init_Port4:
    219              P4OUT = 0x00;
   \   000000   C2432302     MOV.B   #0x0, &0x223
    220              P4DIR = 0x00;
   \   000004   C2432502     MOV.B   #0x0, &0x225
    221              
    222              P4SEL0 &= ~_4_0;
   \   000008   D2C32B02     BIC.B   #0x1, &0x22b
    223              P4SEL1 &= ~_4_0;
   \   00000C   D2C32D02     BIC.B   #0x1, &0x22d
    224              P4DIR &= ~_4_0;
   \   000010   D2C32502     BIC.B   #0x1, &0x225
    225              
    226              P4SEL0 &= ~SW1;
   \   000014   E2C32B02     BIC.B   #0x2, &0x22b
    227              P4SEL1 &= ~SW1;
   \   000018   E2C32D02     BIC.B   #0x2, &0x22d
    228              P4OUT |= SW1;
   \   00001C   E2D32302     BIS.B   #0x2, &0x223
    229              P4DIR &= ~SW1;
   \   000020   E2C32502     BIC.B   #0x2, &0x225
    230              P4REN |= SW1;
   \   000024   E2D32702     BIS.B   #0x2, &0x227
    231              // P4IES |= SW1;
    232              // P4IFG &= SW1; 
    233              // P4IE (= SW1;
    234              
    235              P4SEL0 |= UCA1TXD;
   \   000028   F2D22B02     BIS.B   #0x8, &0x22b
    236              P4SEL1 &= ~UCA1TXD;
   \   00002C   F2C22D02     BIC.B   #0x8, &0x22d
    237              
    238              P4SEL0 |= UCA1RXD;
   \   000030   E2D22B02     BIS.B   #0x4, &0x22b
    239              P4SEL1 &= UCA1RXD;
   \   000034   E2F22D02     AND.B   #0x4, &0x22d
    240              
    241              P4SEL0 &= ~UCB1_CS_LCD;
   \   000038   F2C010002B02 BIC.B   #0x10, &0x22b
    242              P4SEL1 &= ~UCB1_CS_LCD;
   \   00003E   F2C010002D02 BIC.B   #0x10, &0x22d
    243              P4OUT |= UCB1_CS_LCD;
   \   000044   F2D010002302 BIS.B   #0x10, &0x223
    244              P4DIR |= UCB1_CS_LCD;
   \   00004A   F2D010002502 BIS.B   #0x10, &0x225
    245              
    246              P4SEL0 |= UCB1CLK;
   \   000050   F2D020002B02 BIS.B   #0x20, &0x22b
    247              P4SEL1 &= ~UCB1CLK;
   \   000056   F2C020002D02 BIC.B   #0x20, &0x22d
    248              
    249              P4SEL0 |= UCB1SIMO;
   \   00005C   F2D040002B02 BIS.B   #0x40, &0x22b
    250              P4SEL1 &= ~UCB1SIMO;
   \   000062   F2C040002D02 BIC.B   #0x40, &0x22d
    251              
    252              P4SEL0 |= UCB1SOMI;
   \   000068   F2D080002B02 BIS.B   #0x80, &0x22b
    253              P4SEL1 &= UCB1SOMI;
   \   00006E   F2F080002D02 AND.B   #0x80, &0x22d
    254          }
   \   000074   1001         RETA
   \   000076                REQUIRE _A_PBOUT_L
   \   000076                REQUIRE _A_PBDIR_L
   \   000076                REQUIRE _A_PBSEL0_L
   \   000076                REQUIRE _A_PBSEL1_L
   \   000076                REQUIRE _A_PBREN_L
    255          
    256          
    257          //===========================================================================
    258          // Function name: Init_Port5
    259          //
    260          // Description: Initialize all pins on port 5
    261          //
    262          // Passed : no variables passed
    263          // Locals: no variables declared
    264          // Returned: no values returned
    265          // Globals: no global variables used
    266          //
    267          // Author: Ibrahim Moghul
    268          // Date: Feb 2022
    269          // Compiler: Built with IAR Embedded Workbench Version: (7.21.1)
    270          //===========================================================================

   \                                 In  segment CODE, align 2
    271          void Init_Port5() {
   \                     Init_Port5:
    272              P5OUT = 0x00;
   \   000000   C2434202     MOV.B   #0x0, &0x242
    273              P5DIR = 0x00;
   \   000004   C2434402     MOV.B   #0x0, &0x244
    274          
    275              P5SEL0 &= ~CHECK_BAT;
   \   000008   D2C34A02     BIC.B   #0x1, &0x24a
    276              P5SEL1 &= ~CHECK_BAT;
   \   00000C   D2C34C02     BIC.B   #0x1, &0x24c
    277              P5DIR &= ~CHECK_BAT;
   \   000010   D2C34402     BIC.B   #0x1, &0x244
    278          
    279              P5SEL0 &= ~V_BAT;
   \   000014   E2C34A02     BIC.B   #0x2, &0x24a
    280              P5SEL1 &= ~V_BAT;
   \   000018   E2C34C02     BIC.B   #0x2, &0x24c
    281              P5DIR &= ~V_BAT;
   \   00001C   E2C34402     BIC.B   #0x2, &0x244
    282          
    283              P5SEL0 &= ~V_DAC;
   \   000020   E2C24A02     BIC.B   #0x4, &0x24a
    284              P5SEL1 &= ~V_DAC;
   \   000024   E2C24C02     BIC.B   #0x4, &0x24c
    285              P5DIR &= ~V_DAC;
   \   000028   E2C24402     BIC.B   #0x4, &0x244
    286          
    287              P5SEL0 &= ~V_3_3;
   \   00002C   F2C24A02     BIC.B   #0x8, &0x24a
    288              P5SEL1 &= ~V_3_3;
   \   000030   F2C24C02     BIC.B   #0x8, &0x24c
    289              P5DIR &= ~V_3_3;
   \   000034   F2C24402     BIC.B   #0x8, &0x244
    290          
    291              P5SEL0 &= ~IOT_BOOT_CPU;
   \   000038   F2C010004A02 BIC.B   #0x10, &0x24a
    292              P5SEL1 &= ~IOT_BOOT_CPU;
   \   00003E   F2C010004C02 BIC.B   #0x10, &0x24c
    293              P5DIR &= ~IOT_BOOT_CPU;
   \   000044   F2C010004402 BIC.B   #0x10, &0x244
    294          }
   \   00004A   1001         RETA
   \   00004C                REQUIRE _A_PCOUT_L
   \   00004C                REQUIRE _A_PCDIR_L
   \   00004C                REQUIRE _A_PCSEL0_L
   \   00004C                REQUIRE _A_PCSEL1_L
    295          
    296          //===========================================================================
    297          // Function name: Init_Port6
    298          //
    299          // Description: Initialize all pins on port 6
    300          //
    301          // Passed : no variables passed
    302          // Locals: no variables declared
    303          // Returned: no values returned
    304          // Globals: no global variables used
    305          //
    306          // Author: Ibrahim Moghul
    307          // Date: Feb 2022
    308          // Compiler: Built with IAR Embedded Workbench Version: (7.21.1)
    309          //===========================================================================

   \                                 In  segment CODE, align 2
    310          void Init_Port6() {
   \                     Init_Port6:
    311              P6OUT = 0x00;
   \   000000   C2434302     MOV.B   #0x0, &0x243
    312              P6DIR = 0x00;
   \   000004   C2434502     MOV.B   #0x0, &0x245
    313              
    314              P6SEL0 &= ~R_FORWARD;
   \   000008   D2C34B02     BIC.B   #0x1, &0x24b
    315              P6SEL1 &= ~R_FORWARD;
   \   00000C   D2C34D02     BIC.B   #0x1, &0x24d
    316              P6DIR |= R_FORWARD;
   \   000010   D2D34502     BIS.B   #0x1, &0x245
    317              P6OUT &= ~R_FORWARD;
   \   000014   D2C34302     BIC.B   #0x1, &0x243
    318          
    319              P6SEL0 &= ~L_FORWARD;
   \   000018   E2C34B02     BIC.B   #0x2, &0x24b
    320              P6SEL1 &= ~L_FORWARD;
   \   00001C   E2C34D02     BIC.B   #0x2, &0x24d
    321              P6DIR |= L_FORWARD;
   \   000020   E2D34502     BIS.B   #0x2, &0x245
    322              P6OUT &= ~L_FORWARD;
   \   000024   E2C34302     BIC.B   #0x2, &0x243
    323          
    324              P6SEL0 &= ~R_REVERSE;
   \   000028   E2C24B02     BIC.B   #0x4, &0x24b
    325              P6SEL1 &= ~R_REVERSE;
   \   00002C   E2C24D02     BIC.B   #0x4, &0x24d
    326              P6DIR |= R_REVERSE;
   \   000030   E2D24502     BIS.B   #0x4, &0x245
    327              P6OUT &= ~R_REVERSE;
   \   000034   E2C24302     BIC.B   #0x4, &0x243
    328          
    329              P6SEL0 &= ~L_REVERSE_2355;
   \   000038   F2C24B02     BIC.B   #0x8, &0x24b
    330              P6SEL1 &= ~L_REVERSE_2355;
   \   00003C   F2C24D02     BIC.B   #0x8, &0x24d
    331              P6DIR |= L_REVERSE_2355;
   \   000040   F2D24502     BIS.B   #0x8, &0x245
    332              P6OUT &= ~L_REVERSE_2355;
   \   000044   F2C24302     BIC.B   #0x8, &0x243
    333          
    334              P6SEL0 &= ~IR_LED;
   \   000048   F2C010004B02 BIC.B   #0x10, &0x24b
    335              P6SEL1 &= ~IR_LED;
   \   00004E   F2C010004D02 BIC.B   #0x10, &0x24d
    336              P6DIR &= ~IR_LED;//|= IR_LED;
   \   000054   F2C010004502 BIC.B   #0x10, &0x245
    337              //P6OUT |= IR_LED;
    338          
    339              P6SEL0 &= ~P6_5;
   \   00005A   F2C020004B02 BIC.B   #0x20, &0x24b
    340              P6SEL1 &= ~P6_5;
   \   000060   F2C020004D02 BIC.B   #0x20, &0x24d
    341              P6DIR &= ~P6_5;
   \   000066   F2C020004502 BIC.B   #0x20, &0x245
    342          
    343              P6SEL0 &= ~GRN_LED;
   \   00006C   F2C040004B02 BIC.B   #0x40, &0x24b
    344              P6SEL1 &= ~GRN_LED;
   \   000072   F2C040004D02 BIC.B   #0x40, &0x24d
    345              P6DIR |= GRN_LED;
   \   000078   F2D040004502 BIS.B   #0x40, &0x245
    346              P6OUT &= ~GRN_LED;
   \   00007E   F2C040004302 BIC.B   #0x40, &0x243
    347          }
   \   000084   1001         RETA
   \   000086                REQUIRE _A_PCOUT_L
   \   000086                REQUIRE _A_PCDIR_L
   \   000086                REQUIRE _A_PCSEL0_L
   \   000086                REQUIRE _A_PCSEL1_L

   Maximum stack usage in bytes:

   CSTACK Function
   ------ --------
      4   Init_Port1
      4   Init_Port2
      4   Init_Port3
      4   Init_Port4
      4   Init_Port5
      4   Init_Port6
      4   Init_Ports
        4   -> Init_Port1
        4   -> Init_Port2
        4   -> Init_Port3
        4   -> Init_Port4
        4   -> Init_Port5
        4   -> Init_Port6


   Segment part sizes:

   Bytes  Function/Label
   -----  --------------
     104  Init_Port1
     142  Init_Port2
     180  Init_Port3
     118  Init_Port4
      76  Init_Port5
     134  Init_Port6
      28  Init_Ports
       2  _A_PADIR_L
       2  _A_PAOUT_L
       2  _A_PAREN_L
       2  _A_PASEL0_L
       2  _A_PASEL1_L
       2  _A_PBDIR_L
       2  _A_PBOUT_L
       2  _A_PBREN_L
       2  _A_PBSEL0_L
       2  _A_PBSEL1_L
       2  _A_PCDIR_L
       2  _A_PCOUT_L
       2  _A_PCSEL0_L
       2  _A_PCSEL1_L

 
 782 bytes in segment CODE
  28 bytes in segment DATA16_AN
 
 782 bytes of CODE memory
   0 bytes of DATA memory (+ 28 bytes shared)

Errors: none
Warnings: none
