################################################################################
#                                                                              #
#      IAR Universal Linker V6.6.2.104                                         #
#                                                                              #
#           Link time     =  31/Mar/2022  22:55:44                             #
#           Target CPU    =  MSP430                                            #
#           List file     =  "C:\Users\saad\Documents\ece-306\ESP32-WROOM Wi-F #
#                            i module\Debug\List\IOT_Program.map"              #
#           Output file 1 =  "C:\Users\saad\Documents\ece-306\ESP32-WROOM Wi-F #
#                            i module\Debug\Exe\IOT_Program.d43"               #
#                            Format: ubrof10                                   #
#                            UBROF version 10.0.6                              #
#                            Using library modules for C-SPY (-rt)             #
#           Command line  =  -f C:\Users\saad\AppData\Local\Temp\EW8B47.tmp    #
#                            ("C:\Users\saad\Documents\ece-306\ESP32-WROOM Wi- #
#                            Fi module\Debug\Obj\go.r43"                       #
#                            "C:\Users\saad\Documents\ece-306\ESP32-WROOM Wi-F #
#                            i module\Debug\Obj\main.r43"                      #
#                            -o                                                #
#                            "C:\Users\saad\Documents\ece-306\ESP32-WROOM Wi-F #
#                            i module\Debug\Exe\IOT_Program.d43"               #
#                            -l                                                #
#                            "C:\Users\saad\Documents\ece-306\ESP32-WROOM Wi-F #
#                            i module\Debug\List\IOT_Program.map"              #
#                            -xmsni                                            #
#                            "-IC:\Program Files\IAR Systems\Embedded Workbenc #
#                            h 8.5\430\LIB\\"                                  #
#                            -f                                                #
#                            "C:\Program Files\IAR Systems\Embedded Workbench  #
#                            8.5\430\config\linker\lnk430fr2355.xcl"           #
#                            (-cmsp430 -QCODE_I=CODE_ID -QTLS16_I=TLS16_ID     #
#                            -D__iar_HWMUL=4C0 -Z(CONST)INFO=1800-19FF         #
#                            -Z(DATA)TINYRAM=0006-001F                         #
#                            -Z(DATA)DATA16_I,DATA16_Z,DATA16_N,TLS16_I=2000-2 #
#                            FFF                                               #
#                            -Z(DATA)CODE_I                                    #
#                            -Z(DATA)DATA20_I,DATA20_Z,DATA20_N                #
#                            -Z(DATA)CSTACK+_STACK_SIZE#                       #
#                            -Z(CONST)FRWP_B1,DATA16_P,DATA20_P=8000-FF7F      #
#                            -Z(DATA)DATA16_HEAP+_DATA16_HEAP_SIZE,DATA20_HEAP #
#                            +_DATA20_HEAP_SIZE,FRWP_B2                        #
#                            -Z(CONST)DATA16_C,DATA16_ID,TLS16_ID,DIFUNCT,CHEC #
#                            KSUM=8000-FF7F                                    #
#                            -Z(CONST)DATA20_C,DATA20_ID                       #
#                            -Z(CODE)CSTART,ISR_CODE,CODE_ID=8000-FF7F         #
#                            -P(CODE)CODE,CODE16=8000-FF7F                     #
#                            -Z(CONST)BSLCONFIGURATIONSIGNATURE=FF88-FF89      #
#                            -Z(CONST)BSLCONFIGURATION=FF8A-FF8B               #
#                            -Z(CONST)BSLI2CADDRESS=FFA0-FFA1                  #
#                            -Z(CONST)JTAGSIGNATURE=FF80-FF83                  #
#                            -Z(CONST)BSLSIGNATURE=FF84-FF87                   #
#                            -Z(CODE)INTVEC=FFA2-FFFF                          #
#                            -Z(CODE)RESET=FFFE-FFFF) -f                       #
#                            "C:\Program Files\IAR Systems\Embedded Workbench  #
#                            8.5\430\config\linker\multiplier32.xcl"           #
#                            (-e?Mul8Hw=?Mul8 -e?Mul16Hw=?Mul16                #
#                            -e?Mul16to32uHw=?Mul16to32u                       #
#                            -e?Mul16to32sHw=?Mul16to32s -e?Mul32Hw32=?Mul32   #
#                            -e?Mul64Hw32=_Mul64i                              #
#                            -e?Mul32u32uto64iHw32=_Mul32u32uto64i             #
#                            -e?Mul32fHw32=_Mul32f                             #
#                            -e_Mul64fHw32Ptr=_Mul64fPtr) -D_STACK_SIZE=A0     #
#                            -rt                                               #
#                            "C:\Program Files\IAR Systems\Embedded Workbench  #
#                            8.5\430\lib\dlib\dl430xlsfn.r43"                  #
#                            -e_PrintfLarge=_Printf -e_ScanfLarge=_Scanf       #
#                            -D_DATA16_HEAP_SIZE=A0 -s __program_start         #
#                            -D_DATA20_HEAP_SIZE=50 --enable_stack_usage)      #
#                                                                              #
#                           Copyright (C) 1987-2019 IAR Systems AB.            #
################################################################################





                ****************************************
                *                                      *
                *           CROSS REFERENCE            *
                *                                      *
                ****************************************

       Program entry at :           80B0  Relocatable, from module : ?cstart




                ****************************************
                *                                      *
                *            RUNTIME MODEL             *
                *                                      *
                ****************************************

  __Heap_Handler             = Basic
  __SystemLibrary            = DLib
  __code_model               = large
  __core                     = 430X
  __data_model               = small
  __dlib_file_descriptor     = 0
  __dlib_full_locale_support = 0
  __double_size              = 32
  __pic                      = no
  __reg_r4                   = free
  __reg_r5                   = free
  __rt_version               = 3

                ****************************************
                *                                      *
                *    AUTOMATIC SYMBOL REDIRECTIONS     *
                *                                      *
                ****************************************

                  There are no automatic symbol redirections.



                ****************************************
                *                                      *
                *              MODULE MAP              *
                *                                      *
                ****************************************


  DEFINED ABSOLUTE ENTRIES
    *************************************************************************

  DEFINED ABSOLUTE ENTRIES
  PROGRAM MODULE, NAME : ?ABS_ENTRY_MOD

Absolute parts
           ENTRY                   ADDRESS         REF BY
           =====                   =======         ======
           _DATA20_HEAP_SIZE       0050 
           _DATA16_HEAP_SIZE       00A0 
           _STACK_SIZE             00A0 
           __iar_HWMUL             04C0 
    *************************************************************************

  FILE NAME : C:\Users\saad\Documents\ece-306\ESP32-WROOM Wi-Fi module\Debug\Obj\go.r43
  PROGRAM MODULE, NAME : go

  SEGMENTS IN THE MODULE
  ======================
DATA16_AN
  Relative segment, address: 0180 - 0181 (0x2 bytes), align: 0
  Segment part 1. ROOT        Intra module refs:   Software_Trim
           ENTRY                   ADDRESS         REF BY
           =====                   =======         ======
           _A_CSCTL0_L             0180 
           LOCAL                   ADDRESS         
           =====                   =======         
           CSCTL0                  0180 
           CSCTL0_H                0181 
           CSCTL0_L                0180 
    -------------------------------------------------------------------------
DATA16_AN
  Relative segment, address: 0182 - 0183 (0x2 bytes), align: 0
  Segment part 2. ROOT        Intra module refs:   Init_Clocks
                                                   Software_Trim
           ENTRY                   ADDRESS         REF BY
           =====                   =======         ======
           _A_CSCTL1_L             0182 
           LOCAL                   ADDRESS         
           =====                   =======         
           CSCTL1                  0182 
           CSCTL1_H                0183 
           CSCTL1_L                0182 
    -------------------------------------------------------------------------
DATA16_AN
  Relative segment, address: 0184 - 0185 (0x2 bytes), align: 0
  Segment part 3. ROOT        Intra module refs:   Init_Clocks
           ENTRY                   ADDRESS         REF BY
           =====                   =======         ======
           _A_CSCTL2_L             0184 
           LOCAL                   ADDRESS         
           =====                   =======         
           CSCTL2                  0184 
           CSCTL2_H                0185 
           CSCTL2_L                0184 
    -------------------------------------------------------------------------
DATA16_AN
  Relative segment, address: 0186 - 0187 (0x2 bytes), align: 0
  Segment part 4. ROOT        Intra module refs:   Init_Clocks
           ENTRY                   ADDRESS         REF BY
           =====                   =======         ======
           _A_CSCTL3_L             0186 
           LOCAL                   ADDRESS         
           =====                   =======         
           CSCTL3                  0186 
           CSCTL3_H                0187 
           CSCTL3_L                0186 
    -------------------------------------------------------------------------
DATA16_AN
  Relative segment, address: 0188 - 0189 (0x2 bytes), align: 0
  Segment part 5. ROOT        Intra module refs:   Init_Clocks
           ENTRY                   ADDRESS         REF BY
           =====                   =======         ======
           _A_CSCTL4_L             0188 
           LOCAL                   ADDRESS         
           =====                   =======         
           CSCTL4                  0188 
           CSCTL4_H                0189 
           CSCTL4_L                0188 
    -------------------------------------------------------------------------
DATA16_AN
  Relative segment, address: 018A - 018B (0x2 bytes), align: 0
  Segment part 6. ROOT        Intra module refs:   Init_Clocks
           ENTRY                   ADDRESS         REF BY
           =====                   =======         ======
           _A_CSCTL5_L             018A 
           LOCAL                   ADDRESS         
           =====                   =======         
           CSCTL5                  018A 
           CSCTL5_H                018B 
           CSCTL5_L                018A 
    -------------------------------------------------------------------------
DATA16_AN
  Relative segment, address: 018E - 018F (0x2 bytes), align: 0
  Segment part 7. ROOT        Intra module refs:   Init_Clocks
                                                   Software_Trim
           ENTRY                   ADDRESS         REF BY
           =====                   =======         ======
           _A_CSCTL7_L             018E 
           LOCAL                   ADDRESS         
           =====                   =======         
           CSCTL7                  018E 
           CSCTL7_H                018F 
           CSCTL7_L                018E 
    -------------------------------------------------------------------------
DATA16_AN
  Relative segment, address: 0202 - 0203 (0x2 bytes), align: 0
  Segment part 8. ROOT        Intra module refs:   Check_IOT
                                                   Init_LCD
                                                   Init_Port1
                                                   Init_Port2
                                                   TIMER0_B1_ISR
                                                   switch1_interrupt
                                                   switch2_interrupt
           ENTRY                   ADDRESS         REF BY
           =====                   =======         ======
           _A_PAOUT_L              0202 
           LOCAL                   ADDRESS         
           =====                   =======         
           PAOUT                   0202 
           PAOUT_H                 0203 
           PAOUT_L                 0202 
    -------------------------------------------------------------------------
DATA16_AN
  Relative segment, address: 0204 - 0205 (0x2 bytes), align: 0
  Segment part 9. ROOT        Intra module refs:   Init_Port1
                                                   Init_Port2
           ENTRY                   ADDRESS         REF BY
           =====                   =======         ======
           _A_PADIR_L              0204 
           LOCAL                   ADDRESS         
           =====                   =======         
           PADIR                   0204 
           PADIR_H                 0205 
           PADIR_L                 0204 
    -------------------------------------------------------------------------
DATA16_AN
  Relative segment, address: 0206 - 0207 (0x2 bytes), align: 0
  Segment part 10. ROOT       Intra module refs:   Init_Port2
           ENTRY                   ADDRESS         REF BY
           =====                   =======         ======
           _A_PAREN_L              0206 
           LOCAL                   ADDRESS         
           =====                   =======         
           PAREN                   0206 
           PAREN_H                 0207 
           PAREN_L                 0206 
    -------------------------------------------------------------------------
DATA16_AN
  Relative segment, address: 020A - 020B (0x2 bytes), align: 0
  Segment part 11. ROOT       Intra module refs:   Init_Port1
                                                   Init_Port2
           ENTRY                   ADDRESS         REF BY
           =====                   =======         ======
           _A_PASEL0_L             020A 
           LOCAL                   ADDRESS         
           =====                   =======         
           PASEL0                  020A 
           PASEL0_H                020B 
           PASEL0_L                020A 
    -------------------------------------------------------------------------
DATA16_AN
  Relative segment, address: 020C - 020D (0x2 bytes), align: 0
  Segment part 12. ROOT       Intra module refs:   Init_Port1
                                                   Init_Port2
           ENTRY                   ADDRESS         REF BY
           =====                   =======         ======
           _A_PASEL1_L             020C 
           LOCAL                   ADDRESS         
           =====                   =======         
           PASEL1                  020C 
           PASEL1_H                020D 
           PASEL1_L                020C 
    -------------------------------------------------------------------------
DATA16_AN
  Relative segment, address: 0216 - 0217 (0x2 bytes), align: 0
  Segment part 13. ROOT       Intra module refs:   Init_Port1
           ENTRY                   ADDRESS         REF BY
           =====                   =======         ======
           _A_PASELC_L             0216 
           LOCAL                   ADDRESS         
           =====                   =======         
           PASELC                  0216 
           PASELC_H                0217 
           PASELC_L                0216 
    -------------------------------------------------------------------------
DATA16_AN
  Relative segment, address: 0218 - 0219 (0x2 bytes), align: 0
  Segment part 14. ROOT       Intra module refs:   Init_Port2
           ENTRY                   ADDRESS         REF BY
           =====                   =======         ======
           _A_PAIES_L              0218 
           LOCAL                   ADDRESS         
           =====                   =======         
           PAIES                   0218 
           PAIES_H                 0219 
           PAIES_L                 0218 
    -------------------------------------------------------------------------
DATA16_AN
  Relative segment, address: 021A - 021B (0x2 bytes), align: 0
  Segment part 15. ROOT       Intra module refs:   Init_Port2
                                                   TIMER0_B1_ISR
                                                   switch2_interrupt
           ENTRY                   ADDRESS         REF BY
           =====                   =======         ======
           _A_PAIE_L               021A 
           LOCAL                   ADDRESS         
           =====                   =======         
           PAIE                    021A 
           PAIE_H                  021B 
           PAIE_L                  021A 
    -------------------------------------------------------------------------
DATA16_AN
  Relative segment, address: 021C - 021D (0x2 bytes), align: 0
  Segment part 16. ROOT       Intra module refs:   Init_Port2
                                                   TIMER0_B1_ISR
                                                   switch2_interrupt
           ENTRY                   ADDRESS         REF BY
           =====                   =======         ======
           _A_PAIFG_L              021C 
           LOCAL                   ADDRESS         
           =====                   =======         
           PAIFG                   021C 
           PAIFG_H                 021D 
           PAIFG_L                 021C 
    -------------------------------------------------------------------------
DATA16_AN
  Relative segment, address: 0222 - 0223 (0x2 bytes), align: 0
  Segment part 17. ROOT       Intra module refs:   Check_IOT
                                                   Init_Port3
                                                   Init_Port4
                                                   TIMER0_B1_ISR
                                                   TIMER1_B1_ISR
                                                   WriteIns
                                                   spi_chipselect_active
                                                   spi_chipselect_idle
                                                   switch2_interrupt
           ENTRY                   ADDRESS         REF BY
           =====                   =======         ======
           _A_PBOUT_L              0222 
           LOCAL                   ADDRESS         
           =====                   =======         
           PBOUT                   0222 
           PBOUT_H                 0223 
           PBOUT_L                 0222 
    -------------------------------------------------------------------------
DATA16_AN
  Relative segment, address: 0224 - 0225 (0x2 bytes), align: 0
  Segment part 18. ROOT       Intra module refs:   Init_Port3
                                                   Init_Port4
           ENTRY                   ADDRESS         REF BY
           =====                   =======         ======
           _A_PBDIR_L              0224 
           LOCAL                   ADDRESS         
           =====                   =======         
           PBDIR                   0224 
           PBDIR_H                 0225 
           PBDIR_L                 0224 
    -------------------------------------------------------------------------
DATA16_AN
  Relative segment, address: 0226 - 0227 (0x2 bytes), align: 0
  Segment part 19. ROOT       Intra module refs:   Init_Port4
           ENTRY                   ADDRESS         REF BY
           =====                   =======         ======
           _A_PBREN_L              0226 
           LOCAL                   ADDRESS         
           =====                   =======         
           PBREN                   0226 
           PBREN_H                 0227 
           PBREN_L                 0226 
    -------------------------------------------------------------------------
DATA16_AN
  Relative segment, address: 022A - 022B (0x2 bytes), align: 0
  Segment part 20. ROOT       Intra module refs:   Init_Port3
                                                   Init_Port4
           ENTRY                   ADDRESS         REF BY
           =====                   =======         ======
           _A_PBSEL0_L             022A 
           LOCAL                   ADDRESS         
           =====                   =======         
           PBSEL0                  022A 
           PBSEL0_H                022B 
           PBSEL0_L                022A 
    -------------------------------------------------------------------------
DATA16_AN
  Relative segment, address: 022C - 022D (0x2 bytes), align: 0
  Segment part 21. ROOT       Intra module refs:   Init_Port3
                                                   Init_Port4
           ENTRY                   ADDRESS         REF BY
           =====                   =======         ======
           _A_PBSEL1_L             022C 
           LOCAL                   ADDRESS         
           =====                   =======         
           PBSEL1                  022C 
           PBSEL1_H                022D 
           PBSEL1_L                022C 
    -------------------------------------------------------------------------
DATA16_AN
  Relative segment, address: 0236 - 0237 (0x2 bytes), align: 0
  Segment part 22. ROOT       Intra module refs:   Init_Port3
           ENTRY                   ADDRESS         REF BY
           =====                   =======         ======
           _A_PBSELC_L             0236 
           LOCAL                   ADDRESS         
           =====                   =======         
           PBSELC                  0236 
           PBSELC_H                0237 
           PBSELC_L                0236 
    -------------------------------------------------------------------------
DATA16_AN
  Relative segment, address: 0238 - 0239 (0x2 bytes), align: 0
  Segment part 23. ROOT       Intra module refs:   Init_Port4
           ENTRY                   ADDRESS         REF BY
           =====                   =======         ======
           _A_PBIES_L              0238 
           LOCAL                   ADDRESS         
           =====                   =======         
           PBIES                   0238 
           PBIES_H                 0239 
           PBIES_L                 0238 
    -------------------------------------------------------------------------
DATA16_AN
  Relative segment, address: 023A - 023B (0x2 bytes), align: 0
  Segment part 24. ROOT       Intra module refs:   Init_Port4
                                                   TIMER0_B1_ISR
                                                   switch1_interrupt
           ENTRY                   ADDRESS         REF BY
           =====                   =======         ======
           _A_PBIE_L               023A 
           LOCAL                   ADDRESS         
           =====                   =======         
           PBIE                    023A 
           PBIE_H                  023B 
           PBIE_L                  023A 
    -------------------------------------------------------------------------
DATA16_AN
  Relative segment, address: 023C - 023D (0x2 bytes), align: 0
  Segment part 25. ROOT       Intra module refs:   Init_Port4
                                                   TIMER0_B1_ISR
                                                   switch1_interrupt
           ENTRY                   ADDRESS         REF BY
           =====                   =======         ======
           _A_PBIFG_L              023C 
           LOCAL                   ADDRESS         
           =====                   =======         
           PBIFG                   023C 
           PBIFG_H                 023D 
           PBIFG_L                 023C 
    -------------------------------------------------------------------------
DATA16_AN
  Relative segment, address: 0242 - 0243 (0x2 bytes), align: 0
  Segment part 26. ROOT       Intra module refs:   Init_Port5
                                                   Init_Port6
                                                   TIMER0_B1_ISR
                                                   eUSCI_A0_ISR
                                                   switch1_interrupt
           ENTRY                   ADDRESS         REF BY
           =====                   =======         ======
           _A_PCOUT_L              0242 
           LOCAL                   ADDRESS         
           =====                   =======         
           PCOUT                   0242 
           PCOUT_H                 0243 
           PCOUT_L                 0242 
    -------------------------------------------------------------------------
DATA16_AN
  Relative segment, address: 0244 - 0245 (0x2 bytes), align: 0
  Segment part 27. ROOT       Intra module refs:   Init_Port5
                                                   Init_Port6
           ENTRY                   ADDRESS         REF BY
           =====                   =======         ======
           _A_PCDIR_L              0244 
           LOCAL                   ADDRESS         
           =====                   =======         
           PCDIR                   0244 
           PCDIR_H                 0245 
           PCDIR_L                 0244 
    -------------------------------------------------------------------------
DATA16_AN
  Relative segment, address: 024A - 024B (0x2 bytes), align: 0
  Segment part 28. ROOT       Intra module refs:   Init_Port5
                                                   Init_Port6
           ENTRY                   ADDRESS         REF BY
           =====                   =======         ======
           _A_PCSEL0_L             024A 
           LOCAL                   ADDRESS         
           =====                   =======         
           PCSEL0                  024A 
           PCSEL0_H                024B 
           PCSEL0_L                024A 
    -------------------------------------------------------------------------
DATA16_AN
  Relative segment, address: 024C - 024D (0x2 bytes), align: 0
  Segment part 29. ROOT       Intra module refs:   Init_Port5
                                                   Init_Port6
           ENTRY                   ADDRESS         REF BY
           =====                   =======         ======
           _A_PCSEL1_L             024C 
           LOCAL                   ADDRESS         
           =====                   =======         
           PCSEL1                  024C 
           PCSEL1_H                024D 
           PCSEL1_L                024C 
    -------------------------------------------------------------------------
DATA16_AN
  Relative segment, address: 0256 - 0257 (0x2 bytes), align: 0
  Segment part 30. ROOT       Intra module refs:   Init_Port5
           ENTRY                   ADDRESS         REF BY
           =====                   =======         ======
           _A_PCSELC_L             0256 
           LOCAL                   ADDRESS         
           =====                   =======         
           PCSELC                  0256 
           PCSELC_H                0257 
           PCSELC_L                0256 
    -------------------------------------------------------------------------
DATA16_AN
  Relative segment, address: 0130 - 0131 (0x2 bytes), align: 0
  Segment part 31. ROOT       Intra module refs:   Init_Clocks
                                                   go
           ENTRY                   ADDRESS         REF BY
           =====                   =======         ======
           _A_PM5CTL0_L            0130 
           LOCAL                   ADDRESS         
           =====                   =======         
           PM5CTL0                 0130 
           PM5CTL0_H               0131 
           PM5CTL0_L               0130 
    -------------------------------------------------------------------------
DATA16_AN
  Relative segment, address: 0102 - 0103 (0x2 bytes), align: 0
  Segment part 32. ROOT       Intra module refs:   Init_Clocks
           ENTRY                   ADDRESS         REF BY
           =====                   =======         ======
           _A_SFRIFG1_L            0102 
           LOCAL                   ADDRESS         
           =====                   =======         
           SFRIFG1                 0102 
           SFRIFG1_H               0103 
           SFRIFG1_L               0102 
    -------------------------------------------------------------------------
DATA16_AN
  Relative segment, address: 0380 - 0381 (0x2 bytes), align: 0
  Segment part 33. ROOT       Intra module refs:   Init_Timer_B0
                                                   TIMER0_B1_ISR
                                                   TIMER1_B1_ISR
                                                   switch1_interrupt
           ENTRY                   ADDRESS         REF BY
           =====                   =======         ======
           _A_TB0CTL_L             0380 
           LOCAL                   ADDRESS         
           =====                   =======         
           TB0CTL                  0380 
           TB0CTL_H                0381 
           TB0CTL_L                0380 
    -------------------------------------------------------------------------
DATA16_AN
  Relative segment, address: 0382 - 0383 (0x2 bytes), align: 0
  Segment part 34. ROOT       Intra module refs:   Init_Timer_B0
           ENTRY                   ADDRESS         REF BY
           =====                   =======         ======
           _A_TB0CCTL0_L           0382 
           LOCAL                   ADDRESS         
           =====                   =======         
           TB0CCTL0                0382 
           TB0CCTL0_H              0383 
           TB0CCTL0_L              0382 
    -------------------------------------------------------------------------
DATA16_AN
  Relative segment, address: 0384 - 0385 (0x2 bytes), align: 0
  Segment part 35. ROOT       Intra module refs:   TIMER0_B1_ISR
                                                   switch1_interrupt
           ENTRY                   ADDRESS         REF BY
           =====                   =======         ======
           _A_TB0CCTL1_L           0384 
           LOCAL                   ADDRESS         
           =====                   =======         
           TB0CCTL1                0384 
           TB0CCTL1_H              0385 
           TB0CCTL1_L              0384 
    -------------------------------------------------------------------------
DATA16_AN
  Relative segment, address: 0386 - 0387 (0x2 bytes), align: 0
  Segment part 36. ROOT       Intra module refs:   TIMER0_B1_ISR
                                                   switch2_interrupt
           ENTRY                   ADDRESS         REF BY
           =====                   =======         ======
           _A_TB0CCTL2_L           0386 
           LOCAL                   ADDRESS         
           =====                   =======         
           TB0CCTL2                0386 
           TB0CCTL2_H              0387 
           TB0CCTL2_L              0386 
    -------------------------------------------------------------------------
DATA16_AN
  Relative segment, address: 0390 - 0391 (0x2 bytes), align: 0
  Segment part 37. ROOT       Intra module refs:   switch1_interrupt
                                                   switch2_interrupt
           ENTRY                   ADDRESS         REF BY
           =====                   =======         ======
           _A_TB0R_L               0390 
           LOCAL                   ADDRESS         
           =====                   =======         
           TB0R                    0390 
           TB0R_H                  0391 
           TB0R_L                  0390 
    -------------------------------------------------------------------------
DATA16_AN
  Relative segment, address: 0392 - 0393 (0x2 bytes), align: 0
  Segment part 38. ROOT       Intra module refs:   Init_Timer_B0
                                                   Timer0_B0_ISR
           ENTRY                   ADDRESS         REF BY
           =====                   =======         ======
           _A_TB0CCR0_L            0392 
           LOCAL                   ADDRESS         
           =====                   =======         
           TB0CCR0                 0392 
           TB0CCR0_H               0393 
           TB0CCR0_L               0392 
    -------------------------------------------------------------------------
DATA16_AN
  Relative segment, address: 0394 - 0395 (0x2 bytes), align: 0
  Segment part 39. ROOT       Intra module refs:   Init_Timer_B0
                                                   switch1_interrupt
           ENTRY                   ADDRESS         REF BY
           =====                   =======         ======
           _A_TB0CCR1_L            0394 
           LOCAL                   ADDRESS         
           =====                   =======         
           TB0CCR1                 0394 
           TB0CCR1_H               0395 
           TB0CCR1_L               0394 
    -------------------------------------------------------------------------
DATA16_AN
  Relative segment, address: 0396 - 0397 (0x2 bytes), align: 0
  Segment part 40. ROOT       Intra module refs:   Init_Timer_B0
                                                   switch2_interrupt
           ENTRY                   ADDRESS         REF BY
           =====                   =======         ======
           _A_TB0CCR2_L            0396 
           LOCAL                   ADDRESS         
           =====                   =======         
           TB0CCR2                 0396 
           TB0CCR2_H               0397 
           TB0CCR2_L               0396 
    -------------------------------------------------------------------------
DATA16_AN
  Relative segment, address: 03A0 - 03A1 (0x2 bytes), align: 0
  Segment part 41. ROOT       Intra module refs:   Init_Timer_B0
           ENTRY                   ADDRESS         REF BY
           =====                   =======         ======
           _A_TB0EX0_L             03A0 
           LOCAL                   ADDRESS         
           =====                   =======         
           TB0EX0                  03A0 
           TB0EX0_H                03A1 
           TB0EX0_L                03A0 
    -------------------------------------------------------------------------
DATA16_AN
  Relative segment, address: 03AE - 03AF (0x2 bytes), align: 0
  Segment part 42. ROOT       Intra module refs:   TIMER0_B1_ISR
           ENTRY                   ADDRESS         REF BY
           =====                   =======         ======
           _A_TB0IV_L              03AE 
           LOCAL                   ADDRESS         
           =====                   =======         
           TB0IV                   03AE 
           TB0IV_H                 03AF 
           TB0IV_L                 03AE 
    -------------------------------------------------------------------------
DATA16_AN
  Relative segment, address: 03C0 - 03C1 (0x2 bytes), align: 0
  Segment part 43. ROOT       Intra module refs:   Init_Timer_B1
                                                   switch2_interrupt
           ENTRY                   ADDRESS         REF BY
           =====                   =======         ======
           _A_TB1CTL_L             03C0 
           LOCAL                   ADDRESS         
           =====                   =======         
           TB1CTL                  03C0 
           TB1CTL_H                03C1 
           TB1CTL_L                03C0 
    -------------------------------------------------------------------------
DATA16_AN
  Relative segment, address: 03D2 - 03D3 (0x2 bytes), align: 0
  Segment part 44. ROOT       Intra module refs:   Init_Timer_B1
           ENTRY                   ADDRESS         REF BY
           =====                   =======         ======
           _A_TB1CCR0_L            03D2 
           LOCAL                   ADDRESS         
           =====                   =======         
           TB1CCR0                 03D2 
           TB1CCR0_H               03D3 
           TB1CCR0_L               03D2 
    -------------------------------------------------------------------------
DATA16_AN
  Relative segment, address: 03D4 - 03D5 (0x2 bytes), align: 0
  Segment part 45. ROOT       Intra module refs:   Init_Timer_B1
                                                   TIMER1_B1_ISR
           ENTRY                   ADDRESS         REF BY
           =====                   =======         ======
           _A_TB1CCR1_L            03D4 
           LOCAL                   ADDRESS         
           =====                   =======         
           TB1CCR1                 03D4 
           TB1CCR1_H               03D5 
           TB1CCR1_L               03D4 
    -------------------------------------------------------------------------
DATA16_AN
  Relative segment, address: 03D6 - 03D7 (0x2 bytes), align: 0
  Segment part 46. ROOT       Intra module refs:   Init_Timer_B1
                                                   TIMER1_B1_ISR
           ENTRY                   ADDRESS         REF BY
           =====                   =======         ======
           _A_TB1CCR2_L            03D6 
           LOCAL                   ADDRESS         
           =====                   =======         
           TB1CCR2                 03D6 
           TB1CCR2_H               03D7 
           TB1CCR2_L               03D6 
    -------------------------------------------------------------------------
DATA16_AN
  Relative segment, address: 03E0 - 03E1 (0x2 bytes), align: 0
  Segment part 47. ROOT       Intra module refs:   Init_Timer_B1
           ENTRY                   ADDRESS         REF BY
           =====                   =======         ======
           _A_TB1EX0_L             03E0 
           LOCAL                   ADDRESS         
           =====                   =======         
           TB1EX0                  03E0 
           TB1EX0_H                03E1 
           TB1EX0_L                03E0 
    -------------------------------------------------------------------------
DATA16_AN
  Relative segment, address: 03EE - 03EF (0x2 bytes), align: 0
  Segment part 48. ROOT       Intra module refs:   TIMER1_B1_ISR
           ENTRY                   ADDRESS         REF BY
           =====                   =======         ======
           _A_TB1IV_L              03EE 
           LOCAL                   ADDRESS         
           =====                   =======         
           TB1IV                   03EE 
           TB1IV_H                 03EF 
           TB1IV_L                 03EE 
    -------------------------------------------------------------------------
DATA16_AN
  Relative segment, address: 0400 - 0401 (0x2 bytes), align: 0
  Segment part 49. ROOT       Intra module refs:   Init_Timer_B2
           ENTRY                   ADDRESS         REF BY
           =====                   =======         ======
           _A_TB2CTL_L             0400 
           LOCAL                   ADDRESS         
           =====                   =======         
           TB2CTL                  0400 
           TB2CTL_H                0401 
           TB2CTL_L                0400 
    -------------------------------------------------------------------------
DATA16_AN
  Relative segment, address: 0412 - 0413 (0x2 bytes), align: 0
  Segment part 50. ROOT       Intra module refs:   Init_Timer_B2
           ENTRY                   ADDRESS         REF BY
           =====                   =======         ======
           _A_TB2CCR0_L            0412 
           LOCAL                   ADDRESS         
           =====                   =======         
           TB2CCR0                 0412 
           TB2CCR0_H               0413 
           TB2CCR0_L               0412 
    -------------------------------------------------------------------------
DATA16_AN
  Relative segment, address: 0414 - 0415 (0x2 bytes), align: 0
  Segment part 51. ROOT       Intra module refs:   Init_Timer_B2
                                                   TIMER2_B1_ISR
           ENTRY                   ADDRESS         REF BY
           =====                   =======         ======
           _A_TB2CCR1_L            0414 
           LOCAL                   ADDRESS         
           =====                   =======         
           TB2CCR1                 0414 
           TB2CCR1_H               0415 
           TB2CCR1_L               0414 
    -------------------------------------------------------------------------
DATA16_AN
  Relative segment, address: 0416 - 0417 (0x2 bytes), align: 0
  Segment part 52. ROOT       Intra module refs:   Init_Timer_B2
                                                   TIMER2_B1_ISR
           ENTRY                   ADDRESS         REF BY
           =====                   =======         ======
           _A_TB2CCR2_L            0416 
           LOCAL                   ADDRESS         
           =====                   =======         
           TB2CCR2                 0416 
           TB2CCR2_H               0417 
           TB2CCR2_L               0416 
    -------------------------------------------------------------------------
DATA16_AN
  Relative segment, address: 0420 - 0421 (0x2 bytes), align: 0
  Segment part 53. ROOT       Intra module refs:   Init_Timer_B2
           ENTRY                   ADDRESS         REF BY
           =====                   =======         ======
           _A_TB2EX0_L             0420 
           LOCAL                   ADDRESS         
           =====                   =======         
           TB2EX0                  0420 
           TB2EX0_H                0421 
           TB2EX0_L                0420 
    -------------------------------------------------------------------------
DATA16_AN
  Relative segment, address: 042E - 042F (0x2 bytes), align: 0
  Segment part 54. ROOT       Intra module refs:   TIMER2_B1_ISR
           ENTRY                   ADDRESS         REF BY
           =====                   =======         ======
           _A_TB2IV_L              042E 
           LOCAL                   ADDRESS         
           =====                   =======         
           TB2IV                   042E 
           TB2IV_H                 042F 
           TB2IV_L                 042E 
    -------------------------------------------------------------------------
DATA16_AN
  Relative segment, address: 0440 - 0441 (0x2 bytes), align: 0
  Segment part 55. ROOT       Intra module refs:   Init_Timer_B3
           ENTRY                   ADDRESS         REF BY
           =====                   =======         ======
           _A_TB3CTL_L             0440 
           LOCAL                   ADDRESS         
           =====                   =======         
           TB3CTL                  0440 
           TB3CTL_H                0441 
           TB3CTL_L                0440 
    -------------------------------------------------------------------------
DATA16_AN
  Relative segment, address: 0444 - 0445 (0x2 bytes), align: 0
  Segment part 56. ROOT       Intra module refs:   Init_Timer_B3
           ENTRY                   ADDRESS         REF BY
           =====                   =======         ======
           _A_TB3CCTL1_L           0444 
           LOCAL                   ADDRESS         
           =====                   =======         
           TB3CCTL1                0444 
           TB3CCTL1_H              0445 
           TB3CCTL1_L              0444 
    -------------------------------------------------------------------------
DATA16_AN
  Relative segment, address: 0446 - 0447 (0x2 bytes), align: 0
  Segment part 57. ROOT       Intra module refs:   Init_Timer_B3
           ENTRY                   ADDRESS         REF BY
           =====                   =======         ======
           _A_TB3CCTL2_L           0446 
           LOCAL                   ADDRESS         
           =====                   =======         
           TB3CCTL2                0446 
           TB3CCTL2_H              0447 
           TB3CCTL2_L              0446 
    -------------------------------------------------------------------------
DATA16_AN
  Relative segment, address: 0448 - 0449 (0x2 bytes), align: 0
  Segment part 58. ROOT       Intra module refs:   Init_Timer_B3
           ENTRY                   ADDRESS         REF BY
           =====                   =======         ======
           _A_TB3CCTL3_L           0448 
           LOCAL                   ADDRESS         
           =====                   =======         
           TB3CCTL3                0448 
           TB3CCTL3_H              0449 
           TB3CCTL3_L              0448 
    -------------------------------------------------------------------------
DATA16_AN
  Relative segment, address: 044A - 044B (0x2 bytes), align: 0
  Segment part 59. ROOT       Intra module refs:   Init_Timer_B3
           ENTRY                   ADDRESS         REF BY
           =====                   =======         ======
           _A_TB3CCTL4_L           044A 
           LOCAL                   ADDRESS         
           =====                   =======         
           TB3CCTL4                044A 
           TB3CCTL4_H              044B 
           TB3CCTL4_L              044A 
    -------------------------------------------------------------------------
DATA16_AN
  Relative segment, address: 044C - 044D (0x2 bytes), align: 0
  Segment part 60. ROOT       Intra module refs:   Init_Timer_B3
           ENTRY                   ADDRESS         REF BY
           =====                   =======         ======
           _A_TB3CCTL5_L           044C 
           LOCAL                   ADDRESS         
           =====                   =======         
           TB3CCTL5                044C 
           TB3CCTL5_H              044D 
           TB3CCTL5_L              044C 
    -------------------------------------------------------------------------
DATA16_AN
  Relative segment, address: 0452 - 0453 (0x2 bytes), align: 0
  Segment part 61. ROOT       Intra module refs:   Init_Timer_B3
           ENTRY                   ADDRESS         REF BY
           =====                   =======         ======
           _A_TB3CCR0_L            0452 
           LOCAL                   ADDRESS         
           =====                   =======         
           TB3CCR0                 0452 
           TB3CCR0_H               0453 
           TB3CCR0_L               0452 
    -------------------------------------------------------------------------
DATA16_AN
  Relative segment, address: 0454 - 0455 (0x2 bytes), align: 0
  Segment part 62. ROOT       Intra module refs:   Init_Timer_B3
           ENTRY                   ADDRESS         REF BY
           =====                   =======         ======
           _A_TB3CCR1_L            0454 
           LOCAL                   ADDRESS         
           =====                   =======         
           TB3CCR1                 0454 
           TB3CCR1_H               0455 
           TB3CCR1_L               0454 
    -------------------------------------------------------------------------
DATA16_AN
  Relative segment, address: 0456 - 0457 (0x2 bytes), align: 0
  Segment part 63. ROOT       Intra module refs:   Init_Timer_B3
           ENTRY                   ADDRESS         REF BY
           =====                   =======         ======
           _A_TB3CCR2_L            0456 
           LOCAL                   ADDRESS         
           =====                   =======         
           TB3CCR2                 0456 
           TB3CCR2_H               0457 
           TB3CCR2_L               0456 
    -------------------------------------------------------------------------
DATA16_AN
  Relative segment, address: 0458 - 0459 (0x2 bytes), align: 0
  Segment part 64. ROOT       Intra module refs:   Init_Timer_B3
           ENTRY                   ADDRESS         REF BY
           =====                   =======         ======
           _A_TB3CCR3_L            0458 
           LOCAL                   ADDRESS         
           =====                   =======         
           TB3CCR3                 0458 
           TB3CCR3_H               0459 
           TB3CCR3_L               0458 
    -------------------------------------------------------------------------
DATA16_AN
  Relative segment, address: 045A - 045B (0x2 bytes), align: 0
  Segment part 65. ROOT       Intra module refs:   Init_Timer_B3
           ENTRY                   ADDRESS         REF BY
           =====                   =======         ======
           _A_TB3CCR4_L            045A 
           LOCAL                   ADDRESS         
           =====                   =======         
           TB3CCR4                 045A 
           TB3CCR4_H               045B 
           TB3CCR4_L               045A 
    -------------------------------------------------------------------------
DATA16_AN
  Relative segment, address: 045C - 045D (0x2 bytes), align: 0
  Segment part 66. ROOT       Intra module refs:   Init_Timer_B3
                                                   go
           ENTRY                   ADDRESS         REF BY
           =====                   =======         ======
           _A_TB3CCR5_L            045C 
           LOCAL                   ADDRESS         
           =====                   =======         
           TB3CCR5                 045C 
           TB3CCR5_H               045D 
           TB3CCR5_L               045C 
    -------------------------------------------------------------------------
DATA16_AN
  Relative segment, address: 01CC - 01CD (0x2 bytes), align: 0
  Segment part 67. ROOT       Intra module refs:   Init_Clocks
           ENTRY                   ADDRESS         REF BY
           =====                   =======         ======
           _A_WDTCTL_L             01CC 
           LOCAL                   ADDRESS         
           =====                   =======         
           WDTCTL                  01CC 
           WDTCTL_H                01CD 
           WDTCTL_L                01CC 
    -------------------------------------------------------------------------
DATA16_AN
  Relative segment, address: 0500 - 0501 (0x2 bytes), align: 0
  Segment part 68. ROOT       Intra module refs:   Init_Serial_UCA0
           ENTRY                   ADDRESS         REF BY
           =====                   =======         ======
           _A_UCA0CTLW0_L          0500 
           LOCAL                   ADDRESS         
           =====                   =======         
           UCA0CTLW0               0500 
           UCA0CTLW0_H             0501 
           UCA0CTLW0_L             0500 
    -------------------------------------------------------------------------
DATA16_AN
  Relative segment, address: 0506 - 0507 (0x2 bytes), align: 0
  Segment part 69. ROOT       Intra module refs:   Init_Serial_UCA0
           ENTRY                   ADDRESS         REF BY
           =====                   =======         ======
           _A_UCA0BRW_L            0506 
           LOCAL                   ADDRESS         
           =====                   =======         
           UCA0BRW                 0506 
           UCA0BRW_H               0507 
           UCA0BRW_L               0506 
    -------------------------------------------------------------------------
DATA16_AN
  Relative segment, address: 0508 - 0509 (0x2 bytes), align: 0
  Segment part 70. ROOT       Intra module refs:   Init_Serial_UCA0
           ENTRY                   ADDRESS         REF BY
           =====                   =======         ======
           _A_UCA0MCTLW_L          0508 
           LOCAL                   ADDRESS         
           =====                   =======         
           UCA0MCTLW               0508 
           UCA0MCTLW_H             0509 
           UCA0MCTLW_L             0508 
    -------------------------------------------------------------------------
DATA16_AN
  Relative segment, address: 050C - 050D (0x2 bytes), align: 0
  Segment part 71. ROOT       Intra module refs:   eUSCI_A0_ISR
           ENTRY                   ADDRESS         REF BY
           =====                   =======         ======
           _A_UCA0RXBUF_L          050C 
           LOCAL                   ADDRESS         
           =====                   =======         
           UCA0RXBUF               050C 
           UCA0RXBUF_H             050D 
           UCA0RXBUF_L             050C 
    -------------------------------------------------------------------------
DATA16_AN
  Relative segment, address: 050E - 050F (0x2 bytes), align: 0
  Segment part 72. ROOT       Intra module refs:   Init_Serial_UCA0
                                                   eUSCI_A0_ISR
           ENTRY                   ADDRESS         REF BY
           =====                   =======         ======
           _A_UCA0TXBUF_L          050E 
           LOCAL                   ADDRESS         
           =====                   =======         
           UCA0TXBUF               050E 
           UCA0TXBUF_H             050F 
           UCA0TXBUF_L             050E 
    -------------------------------------------------------------------------
DATA16_AN
  Relative segment, address: 051A - 051B (0x2 bytes), align: 0
  Segment part 73. ROOT       Intra module refs:   Init_Serial_UCA0
                                                   eUSCI_A0_ISR
                                                   eUSCI_A1_ISR
           ENTRY                   ADDRESS         REF BY
           =====                   =======         ======
           _A_UCA0IE_L             051A 
           LOCAL                   ADDRESS         
           =====                   =======         
           UCA0IE                  051A 
           UCA0IE_H                051B 
           UCA0IE_L                051A 
    -------------------------------------------------------------------------
DATA16_AN
  Relative segment, address: 051C - 051D (0x2 bytes), align: 0
  Segment part 74. ROOT 
           ENTRY                   ADDRESS         REF BY
           =====                   =======         ======
           _A_UCA0IFG_L            051C 
           LOCAL                   ADDRESS         
           =====                   =======         
           UCA0IFG                 051C 
           UCA0IFG_H               051D 
           UCA0IFG_L               051C 
    -------------------------------------------------------------------------
DATA16_AN
  Relative segment, address: 051E - 051F (0x2 bytes), align: 0
  Segment part 75. ROOT       Intra module refs:   eUSCI_A0_ISR
           ENTRY                   ADDRESS         REF BY
           =====                   =======         ======
           _A_UCA0IV_L             051E 
           LOCAL                   ADDRESS         
           =====                   =======         
           UCA0IV                  051E 
           UCA0IV_H                051F 
           UCA0IV_L                051E 
    -------------------------------------------------------------------------
DATA16_AN
  Relative segment, address: 0580 - 0581 (0x2 bytes), align: 0
  Segment part 76. ROOT       Intra module refs:   go
           ENTRY                   ADDRESS         REF BY
           =====                   =======         ======
           _A_UCA1CTLW0_L          0580 
           LOCAL                   ADDRESS         
           =====                   =======         
           UCA1CTLW0               0580 
           UCA1CTLW0_H             0581 
           UCA1CTLW0_L             0580 
    -------------------------------------------------------------------------
DATA16_AN
  Relative segment, address: 0586 - 0587 (0x2 bytes), align: 0
  Segment part 77. ROOT       Intra module refs:   go
           ENTRY                   ADDRESS         REF BY
           =====                   =======         ======
           _A_UCA1BRW_L            0586 
           LOCAL                   ADDRESS         
           =====                   =======         
           UCA1BRW                 0586 
           UCA1BRW_H               0587 
           UCA1BRW_L               0586 
    -------------------------------------------------------------------------
DATA16_AN
  Relative segment, address: 0588 - 0589 (0x2 bytes), align: 0
  Segment part 78. ROOT       Intra module refs:   go
           ENTRY                   ADDRESS         REF BY
           =====                   =======         ======
           _A_UCA1MCTLW_L          0588 
           LOCAL                   ADDRESS         
           =====                   =======         
           UCA1MCTLW               0588 
           UCA1MCTLW_H             0589 
           UCA1MCTLW_L             0588 
    -------------------------------------------------------------------------
DATA16_AN
  Relative segment, address: 058C - 058D (0x2 bytes), align: 0
  Segment part 79. ROOT       Intra module refs:   eUSCI_A1_ISR
           ENTRY                   ADDRESS         REF BY
           =====                   =======         ======
           _A_UCA1RXBUF_L          058C 
           LOCAL                   ADDRESS         
           =====                   =======         
           UCA1RXBUF               058C 
           UCA1RXBUF_H             058D 
           UCA1RXBUF_L             058C 
    -------------------------------------------------------------------------
DATA16_AN
  Relative segment, address: 058E - 058F (0x2 bytes), align: 0
  Segment part 80. ROOT       Intra module refs:   eUSCI_A1_ISR
                                                   go
           ENTRY                   ADDRESS         REF BY
           =====                   =======         ======
           _A_UCA1TXBUF_L          058E 
           LOCAL                   ADDRESS         
           =====                   =======         
           UCA1TXBUF               058E 
           UCA1TXBUF_H             058F 
           UCA1TXBUF_L             058E 
    -------------------------------------------------------------------------
DATA16_AN
  Relative segment, address: 059A - 059B (0x2 bytes), align: 0
  Segment part 81. ROOT       Intra module refs:   eUSCI_A0_ISR
                                                   eUSCI_A1_ISR
                                                   go
           ENTRY                   ADDRESS         REF BY
           =====                   =======         ======
           _A_UCA1IE_L             059A 
           LOCAL                   ADDRESS         
           =====                   =======         
           UCA1IE                  059A 
           UCA1IE_H                059B 
           UCA1IE_L                059A 
    -------------------------------------------------------------------------
DATA16_AN
  Relative segment, address: 059C - 059D (0x2 bytes), align: 0
  Segment part 82. ROOT 
           ENTRY                   ADDRESS         REF BY
           =====                   =======         ======
           _A_UCA1IFG_L            059C 
           LOCAL                   ADDRESS         
           =====                   =======         
           UCA1IFG                 059C 
           UCA1IFG_H               059D 
           UCA1IFG_L               059C 
    -------------------------------------------------------------------------
DATA16_AN
  Relative segment, address: 059E - 059F (0x2 bytes), align: 0
  Segment part 83. ROOT       Intra module refs:   eUSCI_A1_ISR
           ENTRY                   ADDRESS         REF BY
           =====                   =======         ======
           _A_UCA1IV_L             059E 
           LOCAL                   ADDRESS         
           =====                   =======         
           UCA1IV                  059E 
           UCA1IV_H                059F 
           UCA1IV_L                059E 
    -------------------------------------------------------------------------
DATA16_AN
  Relative segment, address: 056E - 056F (0x2 bytes), align: 0
  Segment part 84. ROOT       Intra module refs:   USCI_B0_ISR
           ENTRY                   ADDRESS         REF BY
           =====                   =======         ======
           _A_UCB0IV_L             056E 
           LOCAL                   ADDRESS         
           =====                   =======         
           UCB0IV                  056E 
           UCB0IV_H                056F 
           UCB0IV_L                056E 
    -------------------------------------------------------------------------
DATA16_AN
  Relative segment, address: 05C0 - 05C1 (0x2 bytes), align: 0
  Segment part 85. ROOT       Intra module refs:   Init_SPI_B1
           ENTRY                   ADDRESS         REF BY
           =====                   =======         ======
           _A_UCB1CTLW0_L          05C0 
           LOCAL                   ADDRESS         
           =====                   =======         
           UCB1CTLW0               05C0 
           UCB1CTLW0_H             05C1 
           UCB1CTLW0_L             05C0 
    -------------------------------------------------------------------------
DATA16_AN
  Relative segment, address: 05C6 - 05C7 (0x2 bytes), align: 0
  Segment part 86. ROOT       Intra module refs:   Init_SPI_B1
           ENTRY                   ADDRESS         REF BY
           =====                   =======         ======
           _A_UCB1BRW_L            05C6 
           LOCAL                   ADDRESS         
           =====                   =======         
           UCB1BRW                 05C6 
           UCB1BRW_H               05C7 
           UCB1BRW_L               05C6 
    -------------------------------------------------------------------------
DATA16_AN
  Relative segment, address: 05CC - 05CD (0x2 bytes), align: 0
  Segment part 87. ROOT       Intra module refs:   SPI_B1_write
                                                   WriteData
                                                   WriteIns
           ENTRY                   ADDRESS         REF BY
           =====                   =======         ======
           _A_UCB1RXBUF_L          05CC 
           LOCAL                   ADDRESS         
           =====                   =======         
           UCB1RXBUF               05CC 
           UCB1RXBUF_H             05CD 
           UCB1RXBUF_L             05CC 
    -------------------------------------------------------------------------
DATA16_AN
  Relative segment, address: 05CE - 05CF (0x2 bytes), align: 0
  Segment part 88. ROOT       Intra module refs:   SPI_B1_write
                                                   WriteData
                                                   WriteIns
           ENTRY                   ADDRESS         REF BY
           =====                   =======         ======
           _A_UCB1TXBUF_L          05CE 
           LOCAL                   ADDRESS         
           =====                   =======         
           UCB1TXBUF               05CE 
           UCB1TXBUF_H             05CF 
           UCB1TXBUF_L             05CE 
    -------------------------------------------------------------------------
DATA16_AN
  Relative segment, address: 05EC - 05ED (0x2 bytes), align: 0
  Segment part 89. ROOT       Intra module refs:   SPI_B1_write
                                                   WriteData
                                                   WriteIns
           ENTRY                   ADDRESS         REF BY
           =====                   =======         ======
           _A_UCB1IFG_L            05EC 
           LOCAL                   ADDRESS         
           =====                   =======         
           UCB1IFG                 05EC 
           UCB1IFG_H               05ED 
           UCB1IFG_L               05EC 
    -------------------------------------------------------------------------
DATA16_Z
  Segment part 117. NOT NEEDED.
           ENTRY                   ADDRESS         REF BY
           =====                   =======         ======
           blinkcount              
    -------------------------------------------------------------------------
DATA16_Z
  Segment part 118. NOT NEEDED.
           ENTRY                   ADDRESS         REF BY
           =====                   =======         ======
           slow_input_down         
    -------------------------------------------------------------------------
DATA16_Z
  Relative segment, address: 2020 - 2020 (0x1 bytes), align: 0
  Segment part 119.           Intra module refs:   go
           ENTRY                   ADDRESS         REF BY
           =====                   =======         ======
           display_mode            2020 
    -------------------------------------------------------------------------
DATA16_Z
  Segment part 120. NOT NEEDED.
           ENTRY                   ADDRESS         REF BY
           =====                   =======         ======
           cycles                  
    -------------------------------------------------------------------------
DATA16_Z
  Segment part 121. NOT NEEDED.
           ENTRY                   ADDRESS         REF BY
           =====                   =======         ======
           one_time2               
    -------------------------------------------------------------------------
DATA16_Z
  Segment part 122. NOT NEEDED.
           ENTRY                   ADDRESS         REF BY
           =====                   =======         ======
           five_msec_count         
    -------------------------------------------------------------------------
DATA16_Z
  Segment part 123. NOT NEEDED.
           ENTRY                   ADDRESS         REF BY
           =====                   =======         ======
           one_time                
    -------------------------------------------------------------------------
DATA16_Z
  Segment part 124. NOT NEEDED.
           ENTRY                   ADDRESS         REF BY
           =====                   =======         ======
           time_pass_by            
    -------------------------------------------------------------------------
DATA16_Z
  Segment part 125. NOT NEEDED.
           ENTRY                   ADDRESS         REF BY
           =====                   =======         ======
           TX_Buffer               
    -------------------------------------------------------------------------
DATA16_Z
  Relative segment, address: 2021 - 2021 (0x1 bytes), align: 0
  Segment part 126.           Intra module refs:   Init_Serial_UCA0
           ENTRY                   ADDRESS         REF BY
           =====                   =======         ======
           transmit_2_pc_ok        2021 
    -------------------------------------------------------------------------
DATA16_Z
  Relative segment, address: 2022 - 2031 (0x10 bytes), align: 0
  Segment part 127.           Intra module refs:   ?Subroutine23
                                                   eUSCI_A0_ISR
                                                   eUSCI_A1_ISR
                                                   go
           ENTRY                   ADDRESS         REF BY
           =====                   =======         ======
           PC_2_IOT                2022 
    -------------------------------------------------------------------------
DATA16_Z
  Relative segment, address: 2000 - 2001 (0x2 bytes), align: 1
  Segment part 128.           Intra module refs:   ?Subroutine23
                                                   eUSCI_A0_ISR
                                                   eUSCI_A1_ISR
           ENTRY                   ADDRESS         REF BY
           =====                   =======         ======
           usb_rx_wr               2000 
    -------------------------------------------------------------------------
DATA16_Z
  Relative segment, address: 2002 - 2003 (0x2 bytes), align: 1
  Segment part 129.           Intra module refs:   ?Subroutine23
                                                   eUSCI_A0_ISR
           ENTRY                   ADDRESS         REF BY
           =====                   =======         ======
           usb_rx_rd               2002 
    -------------------------------------------------------------------------
DATA16_Z
  Relative segment, address: 2032 - 2041 (0x10 bytes), align: 0
  Segment part 130.           Intra module refs:   Init_Serial_UCA0
                                                   eUSCI_A0_ISR
                                                   eUSCI_A1_ISR
           ENTRY                   ADDRESS         REF BY
           =====                   =======         ======
           IOT_2_PC                2032 
    -------------------------------------------------------------------------
DATA16_Z
  Relative segment, address: 2004 - 2005 (0x2 bytes), align: 1
  Segment part 131.           Intra module refs:   Init_Serial_UCA0
                                                   eUSCI_A0_ISR
                                                   eUSCI_A1_ISR
           ENTRY                   ADDRESS         REF BY
           =====                   =======         ======
           iot_rx_wr               2004 
    -------------------------------------------------------------------------
DATA16_Z
  Relative segment, address: 2006 - 2007 (0x2 bytes), align: 1
  Segment part 132.           Intra module refs:   Init_Serial_UCA0
                                                   eUSCI_A1_ISR
           ENTRY                   ADDRESS         REF BY
           =====                   =======         ======
           iot_rx_rd               2006 
    -------------------------------------------------------------------------
DATA16_Z
  Segment part 133. NOT NEEDED.
           ENTRY                   ADDRESS         REF BY
           =====                   =======         ======
           iot_message_process     
    -------------------------------------------------------------------------
DATA16_Z
  Segment part 134. NOT NEEDED.
           ENTRY                   ADDRESS         REF BY
           =====                   =======         ======
           message_wr              
    -------------------------------------------------------------------------
DATA16_Z
  Segment part 135. NOT NEEDED.
           ENTRY                   ADDRESS         REF BY
           =====                   =======         ======
           message_rd              
    -------------------------------------------------------------------------
DATA16_Z
  Segment part 136. NOT NEEDED.
           ENTRY                   ADDRESS         REF BY
           =====                   =======         ======
           message_start           
    -------------------------------------------------------------------------
DATA16_Z
  Segment part 137. NOT NEEDED.
           ENTRY                   ADDRESS         REF BY
           =====                   =======         ======
           TEST_Char_Rx            
    -------------------------------------------------------------------------
DATA16_Z
  Segment part 138. NOT NEEDED.
           ENTRY                   ADDRESS         REF BY
           =====                   =======         ======
           test_rx_ring_wr         
    -------------------------------------------------------------------------
DATA16_Z
  Segment part 139. NOT NEEDED.
           ENTRY                   ADDRESS         REF BY
           =====                   =======         ======
           test_rx_ring_rd         
    -------------------------------------------------------------------------
DATA16_Z
  Segment part 140. NOT NEEDED.
           ENTRY                   ADDRESS         REF BY
           =====                   =======         ======
           message_command         
    -------------------------------------------------------------------------
DATA16_Z
  Segment part 141. NOT NEEDED.
           ENTRY                   ADDRESS         REF BY
           =====                   =======         ======
           iot_char                
    -------------------------------------------------------------------------
DATA16_Z
  Segment part 142. NOT NEEDED.
           ENTRY                   ADDRESS         REF BY
           =====                   =======         ======
           usb_char                
    -------------------------------------------------------------------------
DATA16_Z
  Relative segment, address: 2042 - 204C (0xb bytes), align: 0
  Segment part 143.           Intra module refs:   Init_Serial_UCA0
           ENTRY                   ADDRESS         REF BY
           =====                   =======         ======
           baud_UCA0               2042 
    -------------------------------------------------------------------------
DATA16_Z
  Segment part 144. NOT NEEDED.
           ENTRY                   ADDRESS         REF BY
           =====                   =======         ======
           baud_UCA3               
    -------------------------------------------------------------------------
DATA16_Z
  Relative segment, address: 204D - 204D (0x1 bytes), align: 0
  Segment part 145.           Intra module refs:   ?Subroutine38
           ENTRY                   ADDRESS         REF BY
           =====                   =======         ======
           current_character       204D 
    -------------------------------------------------------------------------
DATA16_Z
  Relative segment, address: 2008 - 2009 (0x2 bytes), align: 1
  Segment part 146.           Intra module refs:   Init_Conditions
           ENTRY                   ADDRESS         REF BY
           =====                   =======         ======
           update_display_count    2008 
    -------------------------------------------------------------------------
DATA16_Z
  Segment part 147. NOT NEEDED.
           ENTRY                   ADDRESS         REF BY
           =====                   =======         ======
           display_update_time     
    -------------------------------------------------------------------------
DATA16_Z
  Relative segment, address: 204E - 204E (0x1 bytes), align: 0
  Segment part 148.           Intra module refs:   ?Subroutine20
                                                   Init_Conditions
                                                   Timer0_B0_ISR
           ENTRY                   ADDRESS         REF BY
           =====                   =======         ======
           update_display          204E 
    -------------------------------------------------------------------------
DATA16_Z
  Relative segment, address: 204F - 204F (0x1 bytes), align: 0
  Segment part 149.           Intra module refs:   ?Subroutine36
                                                   ?Subroutine9
                                                   Init_LCD
                                                   Segment part 276
                                                   TIMER0_B1_ISR
                                                   TIMER1_B1_ISR
                                                   Timer0_B0_ISR
           ENTRY                   ADDRESS         REF BY
           =====                   =======         ======
           display_changed         204F 
    -------------------------------------------------------------------------
DATA16_Z
  Segment part 150. NOT NEEDED.
           ENTRY                   ADDRESS         REF BY
           =====                   =======         ======
           lcd_control             
    -------------------------------------------------------------------------
DATA16_Z
  Relative segment, address: 2050 - 207B (0x2c bytes), align: 0
  Segment part 151.           Intra module refs:   ?Subroutine36
                                                   ?Subroutine6
                                                   ?Subroutine7
                                                   ?Subroutine8
                                                   ?Subroutine9
                                                   ClrDisplay_Buffer_0
                                                   ClrDisplay_Buffer_1
                                                   ClrDisplay_Buffer_2
                                                   ClrDisplay_Buffer_3
                                                   Display_Update
                                                   Init_Conditions
                                                   go
           ENTRY                   ADDRESS         REF BY
           =====                   =======         ======
           display_line            2050 
    -------------------------------------------------------------------------
DATA16_Z
  Relative segment, address: 200A - 2011 (0x8 bytes), align: 1
  Segment part 152.           Intra module refs:   Init_Conditions
           ENTRY                   ADDRESS         REF BY
           =====                   =======         ======
           display                 200A 
    -------------------------------------------------------------------------
DATA16_Z
  Segment part 153. NOT NEEDED.
           ENTRY                   ADDRESS         REF BY
           =====                   =======         ======
           posi_L1                 
    -------------------------------------------------------------------------
DATA16_Z
  Segment part 154. NOT NEEDED.
           ENTRY                   ADDRESS         REF BY
           =====                   =======         ======
           posi_L2                 
    -------------------------------------------------------------------------
DATA16_Z
  Segment part 155. NOT NEEDED.
           ENTRY                   ADDRESS         REF BY
           =====                   =======         ======
           posi_L3                 
    -------------------------------------------------------------------------
DATA16_Z
  Segment part 156. NOT NEEDED.
           ENTRY                   ADDRESS         REF BY
           =====                   =======         ======
           posi_L4                 
    -------------------------------------------------------------------------
DATA16_Z
  Segment part 157. NOT NEEDED.
           ENTRY                   ADDRESS         REF BY
[...]
           ENTRY                   ADDRESS         REF BY
           =====                   =======         ======
           memmove                 
    -------------------------------------------------------------------------
CSTACK
  Segment part 1. NOT NEEDED.

    -------------------------------------------------------------------------
  LIBRARY MODULE, NAME : ?memzero

  SEGMENTS IN THE MODULE
  ======================
<CODE> 1 (was CODE)
  Relative segment, address: 8F22 - 8F31 (0x10 bytes), align: 1
  Segment part 2.
           ENTRY                   ADDRESS         REF BY
           =====                   =======         ======
           __data16_memzero        8F22            ?cstart_init_zero (?cstart)
    -------------------------------------------------------------------------
CODE
  Segment part 3. NOT NEEDED.
           ENTRY                   ADDRESS         REF BY
           =====                   =======         ======
           __data16_memcpy         
               calls direct
    -------------------------------------------------------------------------
CODE
  Segment part 4. NOT NEEDED.
           ENTRY                   ADDRESS         REF BY
           =====                   =======         ======
           __data16_memmove        
               calls direct
    -------------------------------------------------------------------------
CSTACK
  Segment part 1. NOT NEEDED.

    -------------------------------------------------------------------------
  LIBRARY MODULE, NAME : ?MpuInit

  SEGMENTS IN THE MODULE
  ======================
MPU_B1
  Segment part 0. NOT NEEDED.
    -------------------------------------------------------------------------
MPU_B2
  Segment part 1. NOT NEEDED.
    -------------------------------------------------------------------------
CODE
  Segment part 2. NOT NEEDED.
           ENTRY                   ADDRESS         REF BY
           =====                   =======         ======
           __iar_430_mpu_init      
    -------------------------------------------------------------------------
CODE
  Segment part 3. NOT NEEDED.
           ENTRY                   ADDRESS         REF BY
           =====                   =======         ======
           ?mpu1_4k_init           
    -------------------------------------------------------------------------
CODE
  Segment part 4. NOT NEEDED.
           ENTRY                   ADDRESS         REF BY
           =====                   =======         ======
           ?mpu1_8k_init           
    -------------------------------------------------------------------------
CODE
  Segment part 5. NOT NEEDED.
           ENTRY                   ADDRESS         REF BY
           =====                   =======         ======
           ?mpu1_16k_init          
    -------------------------------------------------------------------------
CODE
  Segment part 6. NOT NEEDED.
           ENTRY                   ADDRESS         REF BY
           =====                   =======         ======
           ?mpu2_init              
    -------------------------------------------------------------------------
MPU_B1
  Segment part 7. NOT NEEDED.
    -------------------------------------------------------------------------
MPU_B2
  Segment part 8. NOT NEEDED.
    -------------------------------------------------------------------------
MPU_B1
  Segment part 9. NOT NEEDED.
    -------------------------------------------------------------------------
MPU_B2
  Segment part 10. NOT NEEDED.
    -------------------------------------------------------------------------
MPU_B1
  Segment part 11. NOT NEEDED.
    -------------------------------------------------------------------------
MPU_B2
  Segment part 12. NOT NEEDED.
    -------------------------------------------------------------------------
MPU_B1
  Segment part 13. NOT NEEDED.
    -------------------------------------------------------------------------
MPU_B2
  Segment part 14. NOT NEEDED.
    -------------------------------------------------------------------------
CODE_PAD
  Segment part 15. NOT NEEDED.

    -------------------------------------------------------------------------
  LIBRARY MODULE, NAME : ?setjmp

  SEGMENTS IN THE MODULE
  ======================
CODE
  Segment part 0. NOT NEEDED.
           ENTRY                   ADDRESS         REF BY
           =====                   =======         ======
           setjmp                  
    -------------------------------------------------------------------------
CODE
  Segment part 1. NOT NEEDED.
           ENTRY                   ADDRESS         REF BY
           =====                   =======         ======
           ?setjmp_r5              
    -------------------------------------------------------------------------
CODE
  Segment part 2. NOT NEEDED.
           ENTRY                   ADDRESS         REF BY
           =====                   =======         ======
           ?setjmp_r4              
    -------------------------------------------------------------------------
CODE
  Segment part 3. NOT NEEDED.
           ENTRY                   ADDRESS         REF BY
           =====                   =======         ======
           ?setjmp_end             

    -------------------------------------------------------------------------
  LIBRARY MODULE, NAME : ?longjmp

  SEGMENTS IN THE MODULE
  ======================
CODE
  Segment part 0. NOT NEEDED.
           ENTRY                   ADDRESS         REF BY
           =====                   =======         ======
           longjmp                 
    -------------------------------------------------------------------------
CODE
  Segment part 1. NOT NEEDED.
           ENTRY                   ADDRESS         REF BY
           =====                   =======         ======
           ?longjmp_r5             
    -------------------------------------------------------------------------
CODE
  Segment part 2. NOT NEEDED.
           ENTRY                   ADDRESS         REF BY
           =====                   =======         ======
           ?longjmp_r4             
    -------------------------------------------------------------------------
CODE
  Segment part 3. NOT NEEDED.
           ENTRY                   ADDRESS         REF BY
           =====                   =======         ======
           ?longjmp_end            

    -------------------------------------------------------------------------
  LIBRARY MODULE, NAME : ?IndCallR11

  SEGMENTS IN THE MODULE
  ======================
CODE
  Segment part 0. NOT NEEDED.
           ENTRY                   ADDRESS         REF BY
           =====                   =======         ======
           ?IndCallR11             

    -------------------------------------------------------------------------
  LIBRARY MODULE, NAME : ?IndCallR15

  SEGMENTS IN THE MODULE
  ======================
CODE
  Segment part 0. NOT NEEDED.
           ENTRY                   ADDRESS         REF BY
           =====                   =======         ======
           ?IndCallR15             

    -------------------------------------------------------------------------
  LIBRARY MODULE, NAME : ?strcmp

  SEGMENTS IN THE MODULE
  ======================
<CODE> 1 (was CODE)
  Relative segment, address: 8EE0 - 8EFD (0x1e bytes), align: 1
  Segment part 2.
           ENTRY                   ADDRESS         REF BY
           =====                   =======         ======
           strcmp                  8EE0            Check_IOT (go)
    -------------------------------------------------------------------------
CSTACK
  Segment part 1. NOT NEEDED.

    -------------------------------------------------------------------------
  LIBRARY MODULE, NAME : ?strcpy

  SEGMENTS IN THE MODULE
  ======================
<CODE> 1 (was CODE)
  Relative segment, address: 8F12 - 8F21 (0x10 bytes), align: 1
  Segment part 2.
           ENTRY                   ADDRESS         REF BY
           =====                   =======         ======
           strcpy                  8F12            ?Subroutine36 (go)
                                                   ?Subroutine6 (go)
                                                   ?Subroutine7 (go)
                                                   ?Subroutine8 (go)
                                                   ?Subroutine9 (go)
                                                   Init_Serial_UCA0 (go)
                                                   go (go)
    -------------------------------------------------------------------------
CSTACK
  Segment part 1. NOT NEEDED.

    -------------------------------------------------------------------------
  LIBRARY MODULE, NAME : ?xcloseall

  SEGMENTS IN THE MODULE
  ======================
CODE
  Segment part 2. NOT NEEDED.
           ENTRY                   ADDRESS         REF BY
           =====                   =======         ======
           _Close_all              
               calls direct
    -------------------------------------------------------------------------
CSTACK
  Segment part 1. NOT NEEDED.

    -------------------------------------------------------------------------
  LIBRARY MODULE, NAME : ?xgetmemchunk

  SEGMENTS IN THE MODULE
  ======================
CODE
  Segment part 3. NOT NEEDED.
           ENTRY                   ADDRESS         REF BY
           =====                   =======         ======
           __data16_GetMemChunk    
    -------------------------------------------------------------------------
DATA16_Z
  Segment part 2. NOT NEEDED.
    -------------------------------------------------------------------------
CSTACK
  Segment part 1. NOT NEEDED.
    -------------------------------------------------------------------------
DATA16_HEAP
  Segment part 4. NOT NEEDED.

    -------------------------------------------------------------------------
  LIBRARY MODULE, NAME : ?xxmemxfree

  SEGMENTS IN THE MODULE
  ======================
CODE
  Segment part 2. NOT NEEDED.
           ENTRY                   ADDRESS         REF BY
           =====                   =======         ======
           __data16_free           
    -------------------------------------------------------------------------
CSTACK
  Segment part 1. NOT NEEDED.

    -------------------------------------------------------------------------
  LIBRARY MODULE, NAME : ?xxmemxmalloc

  SEGMENTS IN THE MODULE
  ======================
DATA16_Z
  Segment part 2. NOT NEEDED.
           ENTRY                   ADDRESS         REF BY
           =====                   =======         ======
           __data16_Aldata         
    -------------------------------------------------------------------------
CODE
  Segment part 3. NOT NEEDED.
           LOCAL                   ADDRESS         
           =====                   =======         
           __data16_findmem        
               calls direct
    -------------------------------------------------------------------------
CODE
  Segment part 4. NOT NEEDED.
           ENTRY                   ADDRESS         REF BY
           =====                   =======         ======
           __data16_malloc         
               calls direct
    -------------------------------------------------------------------------
CSTACK
  Segment part 1. NOT NEEDED.




                ****************************************
                *                                      *
                *            MODULE SUMMARY            *
                *                                      *
                ****************************************

Module               CODE      DATA      CONST
------               ----      ----      -----
                    (Rel)  (Rel)  (Abs)  (Rel)
?__dbg_break            2
?__exit                20
?_exit                  4
?cstart                24
?exit                   4
?memzero               16
?reset_vector           2
?strcmp                30
?strcpy                16
go                  3 634    253    178    175
  + common             88
main                    4
N/A (command line)           160
----------          -----    ---    ---    ---
Total:              3 756    413    178    175
  + common             88

                ****************************************
                *                                      *
                *             STACK USAGE              *
                *                                      *
                ****************************************

  Call Graph Root Category  Max Use  Total Use
  ------------------------  -------  ---------
  interrupt                     20        106
  Program entry                 32         32


Program entry
  "__program_start": 0x000080b0

  Maximum call chain                               32  bytes

    "__program_start"                               0
    "main"                                          0
    "go"                                            8
    "Display_Update"                               12
    "WriteIns"                                     12

interrupt
  "eUSCI_A0_ISR": 0x000080c8

  Maximum call chain                               10  bytes

    "eUSCI_A0_ISR"                                 10

interrupt
  "eUSCI_A1_ISR": 0x000081dc

  Maximum call chain                                8  bytes

    "eUSCI_A1_ISR"                                  8

interrupt
  "USCI_B0_ISR": 0x00008246

  Maximum call chain                                6  bytes

    "USCI_B0_ISR"                                   6

interrupt
  "switch2_interrupt": 0x00008250

  Maximum call chain                               20  bytes

    "switch2_interrupt"                            16
    "strcpy"                                        4

interrupt
  "switch1_interrupt": 0x000082c6

  Maximum call chain                               20  bytes

    "switch1_interrupt"                            16
    "strcpy"                                        4

interrupt
  "Timer0_B0_ISR": 0x0000830c

  Maximum call chain                                4  bytes

    "Timer0_B0_ISR"                                 4

interrupt
  "TIMER0_B1_ISR": 0x00008322

  Maximum call chain                               12  bytes

    "TIMER0_B1_ISR"                                12

interrupt
  "TIMER1_B0_ISR": 0x000083d0

  Maximum call chain                                4  bytes

    "TIMER1_B0_ISR"                                 4

interrupt
  "TIMER1_B1_ISR": 0x000083d2

  Maximum call chain                               12  bytes

    "TIMER1_B1_ISR"                                12

interrupt
  "TIMER2_B0_ISR": 0x00008420

  Maximum call chain                                4  bytes

    "TIMER2_B0_ISR"                                 4

interrupt
  "TIMER2_B1_ISR": 0x00008422

  Maximum call chain                                6  bytes

    "TIMER2_B1_ISR"                                 6




                ****************************************
                *                                      *
                *      SEGMENTS IN ADDRESS ORDER       *
                *                                      *
                ****************************************


SEGMENT              SPACE    START ADDRESS   END ADDRESS     SIZE  TYPE  ALIGN
=======              =====    =============   ===========     ====  ====  =====
DATA16_AN                              0102 - 0103               2   rel    0
                                       0130 - 0131               2 
                                       0180 - 018B               C 
                                       018E - 018F               2 
                                       01CC - 01CD               2 
                                       0202 - 0207               6 
                                       020A - 020D               4 
                                       0216 - 021D               8 
                                       0222 - 0227               6 
                                       022A - 022D               4 
                                       0236 - 023D               8 
                                       0242 - 0245               4 
                                       024A - 024D               4 
                                       0256 - 0257               2 
                                       0380 - 0387               8 
                                       0390 - 0397               8 
                                       03A0 - 03A1               2 
                                       03AE - 03AF               2 
                                       03C0 - 03C1               2 
                                       03D2 - 03D7               6 
                                       03E0 - 03E1               2 
                                       03EE - 03EF               2 
                                       0400 - 0401               2 
                                       0412 - 0417               6 
                                       0420 - 0421               2 
                                       042E - 042F               2 
                                       0440 - 0441               2 
                                       0444 - 044D               A 
                                       0452 - 045D               C 
                                       0500 - 0501               2 
                                       0506 - 0509               4 
                                       050C - 050F               4 
                                       051A - 051F               6 
                                       056E - 056F               2 
                                       0580 - 0581               2 
                                       0586 - 0589               4 
                                       058C - 058F               4 
                                       059A - 059F               6 
                                       05C0 - 05C1               2 
                                       05C6 - 05C7               2 
                                       05CC - 05CF               4 
                                       05EC - 05ED               2 
DATA16_I                                  2000                       dse    0
DATA16_Z                               2000 - 20FC              FD   rel    1
DATA20_I                                  20FE                       rel    1
DATA20_Z                                  20FE                       rel    1
DATA20_N                                  20FE                       rel    1
CODE_I                                    20FE                       rel    1
CSTACK                                 2F60 - 2FFF              A0   rel    1
DATA16_C                               8000 - 80AE              AF   rel    0
DATA20_ID                                 80B0                       rel    1
DATA20_C                                  80B0                       rel    1
CSTART                                 80B0 - 80C7              18   rel    1
ISR_CODE                               80C8 - 844B             384   rel    1
CODE_ID                                   844C                       rel    1
<CODE> 1                               844C - 8F59             B0E   rel    1
INTVEC                                 FFA2 - FFF9              58   com    1
RESET                                  FFFE - FFFF               2   rel    1

                ****************************************
                *                                      *
                *        END OF CROSS REFERENCE        *
                *                                      *
                ****************************************

 3 844 bytes of CODE  memory
   413 bytes of DATA  memory (+ 178 absolute )
   175 bytes of CONST memory

Errors: none
Warnings: none

